#
# There is insufficient memory for the Java Runtime Environment to continue.
# Native memory allocation (malloc) failed to allocate 153616 bytes for Chunk::new
# Possible reasons:
#   The system is out of physical RAM or swap space
#   The process is running with CompressedOops enabled, and the Java Heap may be blocking the growth of the native heap
# Possible solutions:
#   Reduce memory load on the system
#   Increase physical memory or swap space
#   Check if swap backing store is full
#   Decrease Java heap size (-Xmx/-Xms)
#   Decrease number of Java threads
#   Decrease Java thread stack sizes (-Xss)
#   Set larger code cache with -XX:ReservedCodeCacheSize=
#   JVM is running with Unscaled Compressed Oops mode in which the Java heap is
#     placed in the first 4GB address space. The Java Heap base address is the
#     maximum limit for the native heap growth. Please use -XX:HeapBaseMinAddress
#     to set the Java Heap base and to place the Java Heap above 4GB virtual address.
# This output file may be truncated or incomplete.
#
#  Out of Memory Error (arena.cpp:168), pid=26452, tid=24048
#
# JRE version: Java(TM) SE Runtime Environment (21.0.8+12) (build 21.0.8+12-LTS-250)
# Java VM: Java HotSpot(TM) 64-Bit Server VM (21.0.8+12-LTS-250, mixed mode, sharing, tiered, compressed oops, compressed class ptrs, g1 gc, windows-amd64)
# No core dump will be written. Minidumps are not enabled by default on client versions of Windows
#

---------------  S U M M A R Y ------------

Command Line: -javaagent:C:\Program Files\JetBrains\IntelliJ IDEA Community Edition 2023.3.5\lib\idea_rt.jar=62053:C:\Program Files\JetBrains\IntelliJ IDEA Community Edition 2023.3.5\bin -Dfile.encoding=UTF-8 -Dsun.stdout.encoding=UTF-8 -Dsun.stderr.encoding=UTF-8 com.example.drivingschool.DrivingSchoolApplication

Host: AMD Ryzen 7 4800H with Radeon Graphics         , 16 cores, 7G,  Windows 11 , 64 bit Build 26100 (10.0.26100.7019)
Time: Wed Nov 19 01:23:01 2025 India Standard Time elapsed time: 612.304359 seconds (0d 0h 10m 12s)

---------------  T H R E A D  ---------------

Current thread (0x000001869846ae70):  JavaThread "C2 CompilerThread1" daemon [_thread_in_native, id=24048, stack(0x0000007c79100000,0x0000007c79200000) (1024K)]


Current CompileTask:
C2: 612305 15145       4       org.springframework.security.web.firewall.FirewalledResponse::setHeader (13 bytes)

Stack: [0x0000007c79100000,0x0000007c79200000]
Native frames: (J=compiled Java code, j=interpreted, Vv=VM code, C=native code)
V  [jvm.dll+0x6cc179]
V  [jvm.dll+0x8584c1]
V  [jvm.dll+0x85a9ee]
V  [jvm.dll+0x85b0c3]
V  [jvm.dll+0x27ebf6]
V  [jvm.dll+0xc4f4d]
V  [jvm.dll+0xc5483]
V  [jvm.dll+0x3b6a82]
V  [jvm.dll+0x1e0363]
V  [jvm.dll+0x2477c2]
V  [jvm.dll+0x246c4f]
V  [jvm.dll+0x1c7a3e]
V  [jvm.dll+0x256359]
V  [jvm.dll+0x2548ea]
V  [jvm.dll+0x3efef6]
V  [jvm.dll+0x80279b]
V  [jvm.dll+0x6ca85d]
C  [ucrtbase.dll+0x37b0]
C  [KERNEL32.DLL+0x2e8d7]
C  [ntdll.dll+0x8c53c]


---------------  P R O C E S S  ---------------

Threads class SMR info:
_java_thread_list=0x0000018698b00170, length=30, elements={
0x0000018651783c20, 0x000001865178a690, 0x000001865178b440, 0x000001865178be90,
0x000001865178cbc0, 0x000001865178e900, 0x00000186517abec0, 0x0000018651790fb0,
0x00000186519c6830, 0x0000018651aba4b0, 0x0000018697168df0, 0x00000186981eabb0,
0x00000186981e9e90, 0x00000186981eb8d0, 0x00000186981eb240, 0x00000186981e8ae0,
0x000001869c0aa250, 0x000001869c0abc90, 0x000001869c0a9530, 0x000001869c0a8ea0,
0x000001869c0aa8e0, 0x000001869c0a8810, 0x000001869c0aaf70, 0x000001869c0ab600,
0x000001869c0a9bc0, 0x000001869b8f7640, 0x000001869b8f6fb0, 0x000001869b8f6290,
0x000001869b8f89f0, 0x000001869846ae70
}

Java Threads: ( => current thread )
  0x0000018651783c20 JavaThread "Reference Handler"          daemon [_thread_blocked, id=17804, stack(0x0000007c79a00000,0x0000007c79b00000) (1024K)]
  0x000001865178a690 JavaThread "Finalizer"                  daemon [_thread_blocked, id=17632, stack(0x0000007c79b00000,0x0000007c79c00000) (1024K)]
  0x000001865178b440 JavaThread "Signal Dispatcher"          daemon [_thread_blocked, id=22060, stack(0x0000007c79c00000,0x0000007c79d00000) (1024K)]
  0x000001865178be90 JavaThread "Attach Listener"            daemon [_thread_blocked, id=15100, stack(0x0000007c79d00000,0x0000007c79e00000) (1024K)]
  0x000001865178cbc0 JavaThread "Service Thread"             daemon [_thread_blocked, id=19000, stack(0x0000007c79e00000,0x0000007c79f00000) (1024K)]
  0x000001865178e900 JavaThread "Monitor Deflation Thread"   daemon [_thread_blocked, id=15728, stack(0x0000007c79f00000,0x0000007c7a000000) (1024K)]
  0x00000186517abec0 JavaThread "C2 CompilerThread0"         daemon [_thread_blocked, id=2980, stack(0x0000007c7a000000,0x0000007c7a100000) (1024K)]
  0x0000018651790fb0 JavaThread "C1 CompilerThread0"         daemon [_thread_blocked, id=16500, stack(0x0000007c7a100000,0x0000007c7a200000) (1024K)]
  0x00000186519c6830 JavaThread "Common-Cleaner"             daemon [_thread_blocked, id=26496, stack(0x0000007c7a200000,0x0000007c7a300000) (1024K)]
  0x0000018651aba4b0 JavaThread "Monitor Ctrl-Break"         daemon [_thread_in_native, id=15084, stack(0x0000007c7a500000,0x0000007c7a600000) (1024K)]
  0x0000018697168df0 JavaThread "Notification Thread"        daemon [_thread_blocked, id=22760, stack(0x0000007c7a600000,0x0000007c7a700000) (1024K)]
  0x00000186981eabb0 JavaThread "mysql-cj-abandoned-connection-cleanup" daemon [_thread_blocked, id=22092, stack(0x0000007c7af00000,0x0000007c7b000000) (1024K)]
  0x00000186981e9e90 JavaThread "HikariPool-1:housekeeper"   daemon [_thread_blocked, id=19024, stack(0x0000007c7ba00000,0x0000007c7bb00000) (1024K)]
  0x00000186981eb8d0 JavaThread "Catalina-utility-1"                [_thread_blocked, id=7076, stack(0x0000007c7a900000,0x0000007c7aa00000) (1024K)]
  0x00000186981eb240 JavaThread "Catalina-utility-2"                [_thread_blocked, id=23200, stack(0x0000007c7bc00000,0x0000007c7bd00000) (1024K)]
  0x00000186981e8ae0 JavaThread "container-0"                       [_thread_blocked, id=22516, stack(0x0000007c7bd00000,0x0000007c7be00000) (1024K)]
  0x000001869c0aa250 JavaThread "http-nio-8080-exec-1"       daemon [_thread_blocked, id=25412, stack(0x0000007c7bf00000,0x0000007c7c000000) (1024K)]
  0x000001869c0abc90 JavaThread "http-nio-8080-exec-2"       daemon [_thread_blocked, id=25196, stack(0x0000007c7c000000,0x0000007c7c100000) (1024K)]
  0x000001869c0a9530 JavaThread "http-nio-8080-exec-3"       daemon [_thread_blocked, id=1452, stack(0x0000007c7c100000,0x0000007c7c200000) (1024K)]
  0x000001869c0a8ea0 JavaThread "http-nio-8080-exec-4"       daemon [_thread_blocked, id=28180, stack(0x0000007c7c200000,0x0000007c7c300000) (1024K)]
  0x000001869c0aa8e0 JavaThread "http-nio-8080-exec-5"       daemon [_thread_blocked, id=20584, stack(0x0000007c7c300000,0x0000007c7c400000) (1024K)]
  0x000001869c0a8810 JavaThread "http-nio-8080-exec-6"       daemon [_thread_blocked, id=6876, stack(0x0000007c7c400000,0x0000007c7c500000) (1024K)]
  0x000001869c0aaf70 JavaThread "http-nio-8080-exec-7"       daemon [_thread_blocked, id=20564, stack(0x0000007c7c500000,0x0000007c7c600000) (1024K)]
  0x000001869c0ab600 JavaThread "http-nio-8080-exec-8"       daemon [_thread_blocked, id=2244, stack(0x0000007c7c600000,0x0000007c7c700000) (1024K)]
  0x000001869c0a9bc0 JavaThread "http-nio-8080-exec-9"       daemon [_thread_blocked, id=7360, stack(0x0000007c7c700000,0x0000007c7c800000) (1024K)]
  0x000001869b8f7640 JavaThread "http-nio-8080-exec-10"      daemon [_thread_blocked, id=9928, stack(0x0000007c7c800000,0x0000007c7c900000) (1024K)]
  0x000001869b8f6fb0 JavaThread "http-nio-8080-Poller"       daemon [_thread_in_native, id=28572, stack(0x0000007c7c900000,0x0000007c7ca00000) (1024K)]
  0x000001869b8f6290 JavaThread "http-nio-8080-Acceptor"     daemon [_thread_in_native, id=12616, stack(0x0000007c7ca00000,0x0000007c7cb00000) (1024K)]
  0x000001869b8f89f0 JavaThread "DestroyJavaVM"                     [_thread_blocked, id=13560, stack(0x0000007c79200000,0x0000007c79300000) (1024K)]
=>0x000001869846ae70 JavaThread "C2 CompilerThread1"         daemon [_thread_in_native, id=24048, stack(0x0000007c79100000,0x0000007c79200000) (1024K)]
Total: 30

Other Threads:
  0x0000018651769170 VMThread "VM Thread"                           [id=25896, stack(0x0000007c79900000,0x0000007c79a00000) (1024K)]
  0x0000018651756890 WatcherThread "VM Periodic Task Thread"        [id=11420, stack(0x0000007c79800000,0x0000007c79900000) (1024K)]
  0x00000186342fab60 WorkerThread "GC Thread#0"                     [id=10684, stack(0x0000007c79300000,0x0000007c79400000) (1024K)]
  0x00000186975d7f70 WorkerThread "GC Thread#1"                     [id=28636, stack(0x0000007c7aa00000,0x0000007c7ab00000) (1024K)]
  0x00000186975d8720 WorkerThread "GC Thread#2"                     [id=17484, stack(0x0000007c7ab00000,0x0000007c7ac00000) (1024K)]
  0x00000186979b6fe0 WorkerThread "GC Thread#3"                     [id=19160, stack(0x0000007c7ac00000,0x0000007c7ad00000) (1024K)]
  0x00000186979b7380 WorkerThread "GC Thread#4"                     [id=20724, stack(0x0000007c7ad00000,0x0000007c7ae00000) (1024K)]
  0x00000186979b7720 WorkerThread "GC Thread#5"                     [id=20464, stack(0x0000007c7ae00000,0x0000007c7af00000) (1024K)]
  0x0000018697c66650 WorkerThread "GC Thread#6"                     [id=5296, stack(0x0000007c7b000000,0x0000007c7b100000) (1024K)]
  0x0000018697e86e40 WorkerThread "GC Thread#7"                     [id=10456, stack(0x0000007c7b100000,0x0000007c7b200000) (1024K)]
  0x0000018697f23e30 WorkerThread "GC Thread#8"                     [id=15732, stack(0x0000007c7b200000,0x0000007c7b300000) (1024K)]
  0x0000018697f24cb0 WorkerThread "GC Thread#9"                     [id=21416, stack(0x0000007c7b300000,0x0000007c7b400000) (1024K)]
  0x0000018697f253f0 WorkerThread "GC Thread#10"                    [id=560, stack(0x0000007c7b400000,0x0000007c7b500000) (1024K)]
  0x0000018697f24570 WorkerThread "GC Thread#11"                    [id=13664, stack(0x0000007c7b500000,0x0000007c7b600000) (1024K)]
  0x0000018697f24910 WorkerThread "GC Thread#12"                    [id=10816, stack(0x0000007c7b600000,0x0000007c7b700000) (1024K)]
  0x000001863430bf50 ConcurrentGCThread "G1 Main Marker"            [id=23592, stack(0x0000007c79400000,0x0000007c79500000) (1024K)]
  0x000001863430e780 WorkerThread "G1 Conc#0"                       [id=26560, stack(0x0000007c79500000,0x0000007c79600000) (1024K)]
  0x000001869931aee0 WorkerThread "G1 Conc#1"                       [id=27824, stack(0x0000007c7b700000,0x0000007c7b800000) (1024K)]
  0x000001869931c4a0 WorkerThread "G1 Conc#2"                       [id=19740, stack(0x0000007c7b800000,0x0000007c7b900000) (1024K)]
  0x0000018651628660 ConcurrentGCThread "G1 Refine#0"               [id=9528, stack(0x0000007c79600000,0x0000007c79700000) (1024K)]
  0x0000018651628f80 ConcurrentGCThread "G1 Service"                [id=21836, stack(0x0000007c79700000,0x0000007c79800000) (1024K)]
Total: 21

Threads with active compile tasks:
C2 CompilerThread1   612404 15145       4       org.springframework.security.web.firewall.FirewalledResponse::setHeader (13 bytes)
Total: 1

VM state: not at safepoint (normal execution)

VM Mutex/Monitor currently owned by a thread: None

Heap address: 0x0000000082000000, size: 2016 MB, Compressed Oops mode: 32-bit

CDS archive(s) mapped at: [0x0000018652000000-0x0000018652c90000-0x0000018652c90000), size 13172736, SharedBaseAddress: 0x0000018652000000, ArchiveRelocationMode: 1.
Compressed class space mapped at: 0x0000018653000000-0x0000018693000000, reserved size: 1073741824
Narrow klass base: 0x0000018652000000, Narrow klass shift: 0, Narrow klass range: 0x100000000

GC Precious Log:
 CardTable entry size: 512
 Card Set container configuration: InlinePtr #cards 5 size 8 Array Of Cards #cards 12 size 40 Howl #buckets 4 coarsen threshold 1843 Howl Bitmap #cards 512 size 80 coarsen threshold 460 Card regions per heap region 1 cards per card region 2048
 CPUs: 16 total, 16 available
 Memory: 8061M
 Large Page Support: Disabled
 NUMA Support: Disabled
 Compressed Oops: Enabled (32-bit)
 Heap Region Size: 1M
 Heap Min Capacity: 8M
 Heap Initial Capacity: 126M
 Heap Max Capacity: 2016M
 Pre-touch: Disabled
 Parallel Workers: 13
 Concurrent Workers: 3
 Concurrent Refinement Workers: 13
 Periodic GC: Disabled

Heap:
 garbage-first heap   total 174080K, used 85549K [0x0000000082000000, 0x0000000100000000)
  region size 1024K, 44 young (45056K), 6 survivors (6144K)
 Metaspace       used 87061K, committed 87808K, reserved 1179648K
  class space    used 11350K, committed 11712K, reserved 1048576K

Heap Regions: E=young(eden), S=young(survivor), O=old, HS=humongous(starts), HC=humongous(continues), CS=collection set, F=free, TAMS=top-at-mark-start, PB=parsable bottom
|   0|0x0000000082000000, 0x0000000082100000, 0x0000000082100000|100%|HS|  |TAMS 0x0000000082000000| PB 0x0000000082000000| Complete 
|   1|0x0000000082100000, 0x0000000082200000, 0x0000000082200000|100%|HS|  |TAMS 0x0000000082100000| PB 0x0000000082100000| Complete 
|   2|0x0000000082200000, 0x0000000082300000, 0x0000000082300000|100%| O|  |TAMS 0x0000000082200000| PB 0x0000000082200000| Untracked 
|   3|0x0000000082300000, 0x0000000082400000, 0x0000000082400000|100%| O|  |TAMS 0x0000000082300000| PB 0x0000000082300000| Untracked 
|   4|0x0000000082400000, 0x0000000082500000, 0x0000000082500000|100%| O|  |TAMS 0x0000000082400000| PB 0x0000000082400000| Untracked 
|   5|0x0000000082500000, 0x0000000082600000, 0x0000000082600000|100%| O|  |TAMS 0x0000000082500000| PB 0x0000000082500000| Untracked 
|   6|0x0000000082600000, 0x0000000082700000, 0x0000000082700000|100%| O|  |TAMS 0x0000000082600000| PB 0x0000000082600000| Untracked 
|   7|0x0000000082700000, 0x0000000082800000, 0x0000000082800000|100%| O|  |TAMS 0x0000000082700000| PB 0x0000000082700000| Untracked 
|   8|0x0000000082800000, 0x0000000082900000, 0x0000000082900000|100%| O|  |TAMS 0x0000000082800000| PB 0x0000000082800000| Untracked 
|   9|0x0000000082900000, 0x0000000082a00000, 0x0000000082a00000|100%| O|  |TAMS 0x0000000082900000| PB 0x0000000082900000| Untracked 
|  10|0x0000000082a00000, 0x0000000082b00000, 0x0000000082b00000|100%| O|  |TAMS 0x0000000082a00000| PB 0x0000000082a00000| Untracked 
|  11|0x0000000082b00000, 0x0000000082c00000, 0x0000000082c00000|100%| O|  |TAMS 0x0000000082b00000| PB 0x0000000082b00000| Untracked 
|  12|0x0000000082c00000, 0x0000000082d00000, 0x0000000082d00000|100%| O|  |TAMS 0x0000000082c00000| PB 0x0000000082c00000| Untracked 
|  13|0x0000000082d00000, 0x0000000082e00000, 0x0000000082e00000|100%| O|  |TAMS 0x0000000082d00000| PB 0x0000000082d00000| Untracked 
|  14|0x0000000082e00000, 0x0000000082f00000, 0x0000000082f00000|100%| O|  |TAMS 0x0000000082e00000| PB 0x0000000082e00000| Untracked 
|  15|0x0000000082f00000, 0x0000000083000000, 0x0000000083000000|100%| O|  |TAMS 0x0000000082f00000| PB 0x0000000082f00000| Untracked 
|  16|0x0000000083000000, 0x0000000083100000, 0x0000000083100000|100%| O|  |TAMS 0x0000000083000000| PB 0x0000000083000000| Untracked 
|  17|0x0000000083100000, 0x0000000083200000, 0x0000000083200000|100%| O|  |TAMS 0x0000000083100000| PB 0x0000000083100000| Untracked 
|  18|0x0000000083200000, 0x0000000083300000, 0x0000000083300000|100%| O|  |TAMS 0x0000000083200000| PB 0x0000000083200000| Untracked 
|  19|0x0000000083300000, 0x0000000083400000, 0x0000000083400000|100%| O|  |TAMS 0x0000000083300000| PB 0x0000000083300000| Untracked 
|  20|0x0000000083400000, 0x0000000083500000, 0x0000000083500000|100%| O|  |TAMS 0x0000000083400000| PB 0x0000000083400000| Untracked 
|  21|0x0000000083500000, 0x0000000083600000, 0x0000000083600000|100%| O|  |TAMS 0x0000000083500000| PB 0x0000000083500000| Untracked 
|  22|0x0000000083600000, 0x0000000083700000, 0x0000000083700000|100%| O|  |TAMS 0x0000000083600000| PB 0x0000000083600000| Untracked 
|  23|0x0000000083700000, 0x0000000083800000, 0x0000000083800000|100%| O|  |TAMS 0x0000000083700000| PB 0x0000000083700000| Untracked 
|  24|0x0000000083800000, 0x0000000083800000, 0x0000000083900000|  0%| F|  |TAMS 0x0000000083800000| PB 0x0000000083800000| Untracked 
|  25|0x0000000083900000, 0x0000000083a00000, 0x0000000083a00000|100%| O|  |TAMS 0x0000000083900000| PB 0x0000000083900000| Untracked 
|  26|0x0000000083a00000, 0x0000000083b00000, 0x0000000083b00000|100%| O|  |TAMS 0x0000000083a00000| PB 0x0000000083a00000| Untracked 
|  27|0x0000000083b00000, 0x0000000083c00000, 0x0000000083c00000|100%| O|  |TAMS 0x0000000083b00000| PB 0x0000000083b00000| Untracked 
|  28|0x0000000083c00000, 0x0000000083d00000, 0x0000000083d00000|100%| O|Cm|TAMS 0x0000000083c00000| PB 0x0000000083c00000| Complete 
|  29|0x0000000083d00000, 0x0000000083e00000, 0x0000000083e00000|100%| O|  |TAMS 0x0000000083d00000| PB 0x0000000083d00000| Untracked 
|  30|0x0000000083e00000, 0x0000000083e00000, 0x0000000083f00000|  0%| F|  |TAMS 0x0000000083e00000| PB 0x0000000083e00000| Untracked 
|  31|0x0000000083f00000, 0x0000000084000000, 0x0000000084000000|100%| O|  |TAMS 0x0000000083f00000| PB 0x0000000083f00000| Untracked 
|  32|0x0000000084000000, 0x0000000084100000, 0x0000000084100000|100%| O|  |TAMS 0x0000000084000000| PB 0x0000000084000000| Untracked 
|  33|0x0000000084100000, 0x0000000084200000, 0x0000000084200000|100%| O|  |TAMS 0x0000000084100000| PB 0x0000000084100000| Untracked 
|  34|0x0000000084200000, 0x0000000084300000, 0x0000000084300000|100%| O|  |TAMS 0x0000000084200000| PB 0x0000000084200000| Untracked 
|  35|0x0000000084300000, 0x0000000084400000, 0x0000000084400000|100%| O|  |TAMS 0x0000000084300000| PB 0x0000000084300000| Untracked 
|  36|0x0000000084400000, 0x0000000084500000, 0x0000000084500000|100%| O|  |TAMS 0x0000000084400000| PB 0x0000000084400000| Untracked 
|  37|0x0000000084500000, 0x00000000845f6a40, 0x0000000084600000| 96%| O|  |TAMS 0x0000000084500000| PB 0x0000000084500000| Untracked 
|  38|0x0000000084600000, 0x000000008465dba0, 0x0000000084700000| 36%| O|Cm|TAMS 0x0000000084600000| PB 0x0000000084600000| Complete 
|  39|0x0000000084700000, 0x0000000084700000, 0x0000000084800000|  0%| F|  |TAMS 0x0000000084700000| PB 0x0000000084700000| Untracked 
|  40|0x0000000084800000, 0x0000000084800000, 0x0000000084900000|  0%| F|  |TAMS 0x0000000084800000| PB 0x0000000084800000| Untracked 
|  41|0x0000000084900000, 0x0000000084900000, 0x0000000084a00000|  0%| F|  |TAMS 0x0000000084900000| PB 0x0000000084900000| Untracked 
|  42|0x0000000084a00000, 0x0000000084a00000, 0x0000000084b00000|  0%| F|  |TAMS 0x0000000084a00000| PB 0x0000000084a00000| Untracked 
|  43|0x0000000084b00000, 0x0000000084b00000, 0x0000000084c00000|  0%| F|  |TAMS 0x0000000084b00000| PB 0x0000000084b00000| Untracked 
|  44|0x0000000084c00000, 0x0000000084c00000, 0x0000000084d00000|  0%| F|  |TAMS 0x0000000084c00000| PB 0x0000000084c00000| Untracked 
|  45|0x0000000084d00000, 0x0000000084d00000, 0x0000000084e00000|  0%| F|  |TAMS 0x0000000084d00000| PB 0x0000000084d00000| Untracked 
|  46|0x0000000084e00000, 0x0000000084e00000, 0x0000000084f00000|  0%| F|  |TAMS 0x0000000084e00000| PB 0x0000000084e00000| Untracked 
|  47|0x0000000084f00000, 0x0000000084f00000, 0x0000000085000000|  0%| F|  |TAMS 0x0000000084f00000| PB 0x0000000084f00000| Untracked 
|  48|0x0000000085000000, 0x0000000085000000, 0x0000000085100000|  0%| F|  |TAMS 0x0000000085000000| PB 0x0000000085000000| Untracked 
|  49|0x0000000085100000, 0x0000000085100000, 0x0000000085200000|  0%| F|  |TAMS 0x0000000085100000| PB 0x0000000085100000| Untracked 
|  50|0x0000000085200000, 0x0000000085200000, 0x0000000085300000|  0%| F|  |TAMS 0x0000000085200000| PB 0x0000000085200000| Untracked 
|  51|0x0000000085300000, 0x0000000085300000, 0x0000000085400000|  0%| F|  |TAMS 0x0000000085300000| PB 0x0000000085300000| Untracked 
|  52|0x0000000085400000, 0x0000000085400000, 0x0000000085500000|  0%| F|  |TAMS 0x0000000085400000| PB 0x0000000085400000| Untracked 
|  53|0x0000000085500000, 0x0000000085500000, 0x0000000085600000|  0%| F|  |TAMS 0x0000000085500000| PB 0x0000000085500000| Untracked 
|  54|0x0000000085600000, 0x0000000085700000, 0x0000000085700000|100%| O|  |TAMS 0x0000000085600000| PB 0x0000000085600000| Untracked 
|  55|0x0000000085700000, 0x0000000085700000, 0x0000000085800000|  0%| F|  |TAMS 0x0000000085700000| PB 0x0000000085700000| Untracked 
|  56|0x0000000085800000, 0x0000000085800000, 0x0000000085900000|  0%| F|  |TAMS 0x0000000085800000| PB 0x0000000085800000| Untracked 
|  57|0x0000000085900000, 0x0000000085900000, 0x0000000085a00000|  0%| F|  |TAMS 0x0000000085900000| PB 0x0000000085900000| Untracked 
|  58|0x0000000085a00000, 0x0000000085a37000, 0x0000000085b00000| 21%| S|CS|TAMS 0x0000000085a00000| PB 0x0000000085a00000| Complete 
|  59|0x0000000085b00000, 0x0000000085c00000, 0x0000000085c00000|100%| S|CS|TAMS 0x0000000085b00000| PB 0x0000000085b00000| Complete 
|  60|0x0000000085c00000, 0x0000000085d00000, 0x0000000085d00000|100%| S|CS|TAMS 0x0000000085c00000| PB 0x0000000085c00000| Complete 
|  61|0x0000000085d00000, 0x0000000085e00000, 0x0000000085e00000|100%| S|CS|TAMS 0x0000000085d00000| PB 0x0000000085d00000| Complete 
|  62|0x0000000085e00000, 0x0000000085f00000, 0x0000000085f00000|100%| S|CS|TAMS 0x0000000085e00000| PB 0x0000000085e00000| Complete 
|  63|0x0000000085f00000, 0x0000000085f00000, 0x0000000086000000|  0%| F|  |TAMS 0x0000000085f00000| PB 0x0000000085f00000| Untracked 
|  64|0x0000000086000000, 0x0000000086100000, 0x0000000086100000|100%| O|Cm|TAMS 0x0000000086000000| PB 0x0000000086000000| Complete 
|  65|0x0000000086100000, 0x0000000086100000, 0x0000000086200000|  0%| F|  |TAMS 0x0000000086100000| PB 0x0000000086100000| Untracked 
|  66|0x0000000086200000, 0x0000000086200000, 0x0000000086300000|  0%| F|  |TAMS 0x0000000086200000| PB 0x0000000086200000| Untracked 
|  67|0x0000000086300000, 0x0000000086300000, 0x0000000086400000|  0%| F|  |TAMS 0x0000000086300000| PB 0x0000000086300000| Untracked 
|  68|0x0000000086400000, 0x0000000086400000, 0x0000000086500000|  0%| F|  |TAMS 0x0000000086400000| PB 0x0000000086400000| Untracked 
|  69|0x0000000086500000, 0x0000000086600000, 0x0000000086600000|100%| S|CS|TAMS 0x0000000086500000| PB 0x0000000086500000| Complete 
|  70|0x0000000086600000, 0x0000000086600000, 0x0000000086700000|  0%| F|  |TAMS 0x0000000086600000| PB 0x0000000086600000| Untracked 
|  71|0x0000000086700000, 0x0000000086700000, 0x0000000086800000|  0%| F|  |TAMS 0x0000000086700000| PB 0x0000000086700000| Untracked 
|  72|0x0000000086800000, 0x0000000086800000, 0x0000000086900000|  0%| F|  |TAMS 0x0000000086800000| PB 0x0000000086800000| Untracked 
|  73|0x0000000086900000, 0x0000000086900000, 0x0000000086a00000|  0%| F|  |TAMS 0x0000000086900000| PB 0x0000000086900000| Untracked 
|  74|0x0000000086a00000, 0x0000000086a00000, 0x0000000086b00000|  0%| F|  |TAMS 0x0000000086a00000| PB 0x0000000086a00000| Untracked 
|  75|0x0000000086b00000, 0x0000000086b00000, 0x0000000086c00000|  0%| F|  |TAMS 0x0000000086b00000| PB 0x0000000086b00000| Untracked 
|  76|0x0000000086c00000, 0x0000000086c00000, 0x0000000086d00000|  0%| F|  |TAMS 0x0000000086c00000| PB 0x0000000086c00000| Untracked 
|  77|0x0000000086d00000, 0x0000000086d00000, 0x0000000086e00000|  0%| F|  |TAMS 0x0000000086d00000| PB 0x0000000086d00000| Untracked 
|  78|0x0000000086e00000, 0x0000000086e00000, 0x0000000086f00000|  0%| F|  |TAMS 0x0000000086e00000| PB 0x0000000086e00000| Untracked 
|  79|0x0000000086f00000, 0x0000000086f00000, 0x0000000087000000|  0%| F|  |TAMS 0x0000000086f00000| PB 0x0000000086f00000| Untracked 
|  80|0x0000000087000000, 0x0000000087000000, 0x0000000087100000|  0%| F|  |TAMS 0x0000000087000000| PB 0x0000000087000000| Untracked 
|  81|0x0000000087100000, 0x0000000087100000, 0x0000000087200000|  0%| F|  |TAMS 0x0000000087100000| PB 0x0000000087100000| Untracked 
|  82|0x0000000087200000, 0x0000000087200000, 0x0000000087300000|  0%| F|  |TAMS 0x0000000087200000| PB 0x0000000087200000| Untracked 
|  83|0x0000000087300000, 0x0000000087300000, 0x0000000087400000|  0%| F|  |TAMS 0x0000000087300000| PB 0x0000000087300000| Untracked 
|  84|0x0000000087400000, 0x0000000087400000, 0x0000000087500000|  0%| F|  |TAMS 0x0000000087400000| PB 0x0000000087400000| Untracked 
|  85|0x0000000087500000, 0x0000000087500000, 0x0000000087600000|  0%| F|  |TAMS 0x0000000087500000| PB 0x0000000087500000| Untracked 
|  86|0x0000000087600000, 0x0000000087600000, 0x0000000087700000|  0%| F|  |TAMS 0x0000000087600000| PB 0x0000000087600000| Untracked 
|  87|0x0000000087700000, 0x0000000087700000, 0x0000000087800000|  0%| F|  |TAMS 0x0000000087700000| PB 0x0000000087700000| Untracked 
|  88|0x0000000087800000, 0x0000000087800000, 0x0000000087900000|  0%| F|  |TAMS 0x0000000087800000| PB 0x0000000087800000| Untracked 
|  89|0x0000000087900000, 0x0000000087900000, 0x0000000087a00000|  0%| F|  |TAMS 0x0000000087900000| PB 0x0000000087900000| Untracked 
|  90|0x0000000087a00000, 0x0000000087a00000, 0x0000000087b00000|  0%| F|  |TAMS 0x0000000087a00000| PB 0x0000000087a00000| Untracked 
|  91|0x0000000087b00000, 0x0000000087b00000, 0x0000000087c00000|  0%| F|  |TAMS 0x0000000087b00000| PB 0x0000000087b00000| Untracked 
|  92|0x0000000087c00000, 0x0000000087d00000, 0x0000000087d00000|100%| O|  |TAMS 0x0000000087c00000| PB 0x0000000087c00000| Untracked 
|  93|0x0000000087d00000, 0x0000000087d00000, 0x0000000087e00000|  0%| F|  |TAMS 0x0000000087d00000| PB 0x0000000087d00000| Untracked 
|  94|0x0000000087e00000, 0x0000000087e00000, 0x0000000087f00000|  0%| F|  |TAMS 0x0000000087e00000| PB 0x0000000087e00000| Untracked 
|  95|0x0000000087f00000, 0x0000000087f00000, 0x0000000088000000|  0%| F|  |TAMS 0x0000000087f00000| PB 0x0000000087f00000| Untracked 
|  96|0x0000000088000000, 0x0000000088000000, 0x0000000088100000|  0%| F|  |TAMS 0x0000000088000000| PB 0x0000000088000000| Untracked 
|  97|0x0000000088100000, 0x0000000088100000, 0x0000000088200000|  0%| F|  |TAMS 0x0000000088100000| PB 0x0000000088100000| Untracked 
|  98|0x0000000088200000, 0x0000000088200000, 0x0000000088300000|  0%| F|  |TAMS 0x0000000088200000| PB 0x0000000088200000| Untracked 
|  99|0x0000000088300000, 0x0000000088300000, 0x0000000088400000|  0%| F|  |TAMS 0x0000000088300000| PB 0x0000000088300000| Untracked 
| 100|0x0000000088400000, 0x0000000088400000, 0x0000000088500000|  0%| F|  |TAMS 0x0000000088400000| PB 0x0000000088400000| Untracked 
| 101|0x0000000088500000, 0x0000000088500000, 0x0000000088600000|  0%| F|  |TAMS 0x0000000088500000| PB 0x0000000088500000| Untracked 
| 102|0x0000000088600000, 0x0000000088600000, 0x0000000088700000|  0%| F|  |TAMS 0x0000000088600000| PB 0x0000000088600000| Untracked 
| 103|0x0000000088700000, 0x0000000088700000, 0x0000000088800000|  0%| F|  |TAMS 0x0000000088700000| PB 0x0000000088700000| Untracked 
| 104|0x0000000088800000, 0x0000000088800000, 0x0000000088900000|  0%| F|  |TAMS 0x0000000088800000| PB 0x0000000088800000| Untracked 
| 105|0x0000000088900000, 0x0000000088900000, 0x0000000088a00000|  0%| F|  |TAMS 0x0000000088900000| PB 0x0000000088900000| Untracked 
| 106|0x0000000088a00000, 0x0000000088a00000, 0x0000000088b00000|  0%| F|  |TAMS 0x0000000088a00000| PB 0x0000000088a00000| Untracked 
| 107|0x0000000088b00000, 0x0000000088b00000, 0x0000000088c00000|  0%| F|  |TAMS 0x0000000088b00000| PB 0x0000000088b00000| Untracked 
| 108|0x0000000088c00000, 0x0000000088c00000, 0x0000000088d00000|  0%| F|  |TAMS 0x0000000088c00000| PB 0x0000000088c00000| Untracked 
| 109|0x0000000088d00000, 0x0000000088d00000, 0x0000000088e00000|  0%| F|  |TAMS 0x0000000088d00000| PB 0x0000000088d00000| Untracked 
| 110|0x0000000088e00000, 0x0000000088e00000, 0x0000000088f00000|  0%| F|  |TAMS 0x0000000088e00000| PB 0x0000000088e00000| Untracked 
| 111|0x0000000088f00000, 0x0000000088f00000, 0x0000000089000000|  0%| F|  |TAMS 0x0000000088f00000| PB 0x0000000088f00000| Untracked 
| 112|0x0000000089000000, 0x0000000089000000, 0x0000000089100000|  0%| F|  |TAMS 0x0000000089000000| PB 0x0000000089000000| Untracked 
| 113|0x0000000089100000, 0x0000000089100000, 0x0000000089200000|  0%| F|  |TAMS 0x0000000089100000| PB 0x0000000089100000| Untracked 
| 114|0x0000000089200000, 0x0000000089200000, 0x0000000089300000|  0%| F|  |TAMS 0x0000000089200000| PB 0x0000000089200000| Untracked 
| 115|0x0000000089300000, 0x0000000089300000, 0x0000000089400000|  0%| F|  |TAMS 0x0000000089300000| PB 0x0000000089300000| Untracked 
| 116|0x0000000089400000, 0x0000000089400000, 0x0000000089500000|  0%| F|  |TAMS 0x0000000089400000| PB 0x0000000089400000| Untracked 
| 117|0x0000000089500000, 0x0000000089500000, 0x0000000089600000|  0%| F|  |TAMS 0x0000000089500000| PB 0x0000000089500000| Untracked 
| 118|0x0000000089600000, 0x0000000089600000, 0x0000000089700000|  0%| F|  |TAMS 0x0000000089600000| PB 0x0000000089600000| Untracked 
| 119|0x0000000089700000, 0x0000000089700000, 0x0000000089800000|  0%| F|  |TAMS 0x0000000089700000| PB 0x0000000089700000| Untracked 
| 120|0x0000000089800000, 0x0000000089800000, 0x0000000089900000|  0%| F|  |TAMS 0x0000000089800000| PB 0x0000000089800000| Untracked 
| 121|0x0000000089900000, 0x0000000089900000, 0x0000000089a00000|  0%| F|  |TAMS 0x0000000089900000| PB 0x0000000089900000| Untracked 
| 122|0x0000000089a00000, 0x0000000089a00000, 0x0000000089b00000|  0%| F|  |TAMS 0x0000000089a00000| PB 0x0000000089a00000| Untracked 
| 123|0x0000000089b00000, 0x0000000089b00000, 0x0000000089c00000|  0%| F|  |TAMS 0x0000000089b00000| PB 0x0000000089b00000| Untracked 
| 124|0x0000000089c00000, 0x0000000089c00000, 0x0000000089d00000|  0%| F|  |TAMS 0x0000000089c00000| PB 0x0000000089c00000| Untracked 
| 125|0x0000000089d00000, 0x0000000089d00000, 0x0000000089e00000|  0%| F|  |TAMS 0x0000000089d00000| PB 0x0000000089d00000| Untracked 
| 126|0x0000000089e00000, 0x0000000089e00000, 0x0000000089f00000|  0%| F|  |TAMS 0x0000000089e00000| PB 0x0000000089e00000| Untracked 
| 127|0x0000000089f00000, 0x0000000089f00000, 0x000000008a000000|  0%| F|  |TAMS 0x0000000089f00000| PB 0x0000000089f00000| Untracked 
| 128|0x000000008a000000, 0x000000008a000000, 0x000000008a100000|  0%| F|  |TAMS 0x000000008a000000| PB 0x000000008a000000| Untracked 
| 129|0x000000008a100000, 0x000000008a19a2b8, 0x000000008a200000| 60%| E|  |TAMS 0x000000008a100000| PB 0x000000008a100000| Complete 
| 130|0x000000008a200000, 0x000000008a300000, 0x000000008a300000|100%| E|CS|TAMS 0x000000008a200000| PB 0x000000008a200000| Complete 
| 131|0x000000008a300000, 0x000000008a400000, 0x000000008a400000|100%| E|CS|TAMS 0x000000008a300000| PB 0x000000008a300000| Complete 
| 132|0x000000008a400000, 0x000000008a500000, 0x000000008a500000|100%| E|CS|TAMS 0x000000008a400000| PB 0x000000008a400000| Complete 
| 133|0x000000008a500000, 0x000000008a600000, 0x000000008a600000|100%| E|CS|TAMS 0x000000008a500000| PB 0x000000008a500000| Complete 
| 134|0x000000008a600000, 0x000000008a700000, 0x000000008a700000|100%| E|CS|TAMS 0x000000008a600000| PB 0x000000008a600000| Complete 
| 135|0x000000008a700000, 0x000000008a800000, 0x000000008a800000|100%| E|CS|TAMS 0x000000008a700000| PB 0x000000008a700000| Complete 
| 136|0x000000008a800000, 0x000000008a900000, 0x000000008a900000|100%| E|CS|TAMS 0x000000008a800000| PB 0x000000008a800000| Complete 
| 137|0x000000008a900000, 0x000000008aa00000, 0x000000008aa00000|100%| E|CS|TAMS 0x000000008a900000| PB 0x000000008a900000| Complete 
| 138|0x000000008aa00000, 0x000000008ab00000, 0x000000008ab00000|100%| E|CS|TAMS 0x000000008aa00000| PB 0x000000008aa00000| Complete 
| 139|0x000000008ab00000, 0x000000008ac00000, 0x000000008ac00000|100%| E|CS|TAMS 0x000000008ab00000| PB 0x000000008ab00000| Complete 
| 140|0x000000008ac00000, 0x000000008ad00000, 0x000000008ad00000|100%| E|CS|TAMS 0x000000008ac00000| PB 0x000000008ac00000| Complete 
| 141|0x000000008ad00000, 0x000000008ae00000, 0x000000008ae00000|100%| E|CS|TAMS 0x000000008ad00000| PB 0x000000008ad00000| Complete 
| 142|0x000000008ae00000, 0x000000008af00000, 0x000000008af00000|100%| E|CS|TAMS 0x000000008ae00000| PB 0x000000008ae00000| Complete 
| 143|0x000000008af00000, 0x000000008b000000, 0x000000008b000000|100%| E|CS|TAMS 0x000000008af00000| PB 0x000000008af00000| Complete 
| 144|0x000000008b000000, 0x000000008b100000, 0x000000008b100000|100%| E|CS|TAMS 0x000000008b000000| PB 0x000000008b000000| Complete 
| 145|0x000000008b100000, 0x000000008b200000, 0x000000008b200000|100%| E|CS|TAMS 0x000000008b100000| PB 0x000000008b100000| Complete 
| 146|0x000000008b200000, 0x000000008b300000, 0x000000008b300000|100%| E|CS|TAMS 0x000000008b200000| PB 0x000000008b200000| Complete 
| 147|0x000000008b300000, 0x000000008b400000, 0x000000008b400000|100%| E|CS|TAMS 0x000000008b300000| PB 0x000000008b300000| Complete 
| 148|0x000000008b400000, 0x000000008b500000, 0x000000008b500000|100%| E|CS|TAMS 0x000000008b400000| PB 0x000000008b400000| Complete 
| 149|0x000000008b500000, 0x000000008b600000, 0x000000008b600000|100%| E|CS|TAMS 0x000000008b500000| PB 0x000000008b500000| Complete 
| 150|0x000000008b600000, 0x000000008b700000, 0x000000008b700000|100%| E|CS|TAMS 0x000000008b600000| PB 0x000000008b600000| Complete 
| 151|0x000000008b700000, 0x000000008b800000, 0x000000008b800000|100%| E|CS|TAMS 0x000000008b700000| PB 0x000000008b700000| Complete 
| 152|0x000000008b800000, 0x000000008b900000, 0x000000008b900000|100%| E|  |TAMS 0x000000008b800000| PB 0x000000008b800000| Complete 
| 153|0x000000008b900000, 0x000000008ba00000, 0x000000008ba00000|100%| E|CS|TAMS 0x000000008b900000| PB 0x000000008b900000| Complete 
| 154|0x000000008ba00000, 0x000000008bb00000, 0x000000008bb00000|100%| E|CS|TAMS 0x000000008ba00000| PB 0x000000008ba00000| Complete 
| 155|0x000000008bb00000, 0x000000008bc00000, 0x000000008bc00000|100%| E|CS|TAMS 0x000000008bb00000| PB 0x000000008bb00000| Complete 
| 156|0x000000008bc00000, 0x000000008bd00000, 0x000000008bd00000|100%| E|CS|TAMS 0x000000008bc00000| PB 0x000000008bc00000| Complete 
| 157|0x000000008bd00000, 0x000000008be00000, 0x000000008be00000|100%| E|CS|TAMS 0x000000008bd00000| PB 0x000000008bd00000| Complete 
| 158|0x000000008be00000, 0x000000008bf00000, 0x000000008bf00000|100%| E|CS|TAMS 0x000000008be00000| PB 0x000000008be00000| Complete 
| 159|0x000000008bf00000, 0x000000008c000000, 0x000000008c000000|100%| E|CS|TAMS 0x000000008bf00000| PB 0x000000008bf00000| Complete 
| 160|0x000000008c000000, 0x000000008c100000, 0x000000008c100000|100%| E|CS|TAMS 0x000000008c000000| PB 0x000000008c000000| Complete 
| 161|0x000000008c100000, 0x000000008c200000, 0x000000008c200000|100%| E|CS|TAMS 0x000000008c100000| PB 0x000000008c100000| Complete 
| 162|0x000000008c200000, 0x000000008c300000, 0x000000008c300000|100%| E|CS|TAMS 0x000000008c200000| PB 0x000000008c200000| Complete 
| 163|0x000000008c300000, 0x000000008c400000, 0x000000008c400000|100%| E|CS|TAMS 0x000000008c300000| PB 0x000000008c300000| Complete 
| 164|0x000000008c400000, 0x000000008c500000, 0x000000008c500000|100%| E|CS|TAMS 0x000000008c400000| PB 0x000000008c400000| Complete 
| 165|0x000000008c500000, 0x000000008c600000, 0x000000008c600000|100%| E|CS|TAMS 0x000000008c500000| PB 0x000000008c500000| Complete 
|2012|0x00000000ffc00000, 0x00000000ffd00000, 0x00000000ffd00000|100%| E|CS|TAMS 0x00000000ffc00000| PB 0x00000000ffc00000| Complete 
|2013|0x00000000ffd00000, 0x00000000ffe00000, 0x00000000ffe00000|100%| O|  |TAMS 0x00000000ffd00000| PB 0x00000000ffd00000| Untracked 
|2014|0x00000000ffe00000, 0x00000000fff00000, 0x00000000fff00000|100%| O|  |TAMS 0x00000000ffe00000| PB 0x00000000ffe00000| Untracked 
|2015|0x00000000fff00000, 0x0000000100000000, 0x0000000100000000|100%| O|  |TAMS 0x00000000fff00000| PB 0x00000000fff00000| Untracked 

Card table byte_map: [0x000001864c3b0000,0x000001864c7a0000] _byte_map_base: 0x000001864bfa0000

Marking Bits: (CMBitMap*) 0x00000186342fba70
 Bits: [0x000001864c7a0000, 0x000001864e720000)

Polling page: 0x0000018632180000

Metaspace:

Usage:
  Non-class:     73.94 MB used.
      Class:     11.08 MB used.
       Both:     85.02 MB used.

Virtual space:
  Non-class space:      128.00 MB reserved,      74.31 MB ( 58%) committed,  2 nodes.
      Class space:        1.00 GB reserved,      11.44 MB (  1%) committed,  1 nodes.
             Both:        1.12 GB reserved,      85.75 MB (  7%) committed. 

Chunk freelists:
   Non-Class:  5.58 MB
       Class:  4.50 MB
        Both:  10.08 MB

MaxMetaspaceSize: unlimited
CompressedClassSpaceSize: 1.00 GB
Initial GC threshold: 21.00 MB
Current GC threshold: 142.94 MB
CDS: on
 - commit_granule_bytes: 65536.
 - commit_granule_words: 8192.
 - virtual_space_node_default_size: 8388608.
 - enlarge_chunks_in_place: 1.
 - use_allocation_guard: 0.


Internal statistics:

num_allocs_failed_limit: 9.
num_arena_births: 1168.
num_arena_deaths: 0.
num_vsnodes_births: 3.
num_vsnodes_deaths: 0.
num_space_committed: 1372.
num_space_uncommitted: 0.
num_chunks_returned_to_freelist: 9.
num_chunks_taken_from_freelist: 4384.
num_chunk_merges: 6.
num_chunk_splits: 3201.
num_chunks_enlarged: 2517.
num_inconsistent_stats: 0.

CodeHeap 'non-profiled nmethods': size=119168Kb used=9442Kb max_used=9680Kb free=109725Kb
 bounds [0x00000186442d0000, 0x0000018644c50000, 0x000001864b730000]
CodeHeap 'profiled nmethods': size=119104Kb used=20331Kb max_used=28963Kb free=98772Kb
 bounds [0x000001863c730000, 0x000001863e380000, 0x0000018643b80000]
CodeHeap 'non-nmethods': size=7488Kb used=1724Kb max_used=3488Kb free=5763Kb
 bounds [0x0000018643b80000, 0x0000018643f10000, 0x00000186442d0000]
 total_blobs=11035 nmethods=10289 adapters=649
 compilation: enabled
              stopped_count=0, restarted_count=0
 full_count=0

Compilation events (20 events):
Event: 612.178 Thread 0x00000186517abec0 nmethod 15140 0x0000018644b23b90 code [0x0000018644b23e00, 0x0000018644b25288]
Event: 612.178 Thread 0x00000186517abec0 15141       4       org.hibernate.query.sqm.tree.select.AbstractSqmSelectQuery::getCteStatements (10 bytes)
Event: 612.180 Thread 0x00000186517abec0 nmethod 15141 0x00000186443a7110 code [0x00000186443a72c0, 0x00000186443a7518]
Event: 612.200 Thread 0x00000186517abec0 15142       4       org.apache.catalina.connector.RequestFacade::getServletContext (12 bytes)
Event: 612.201 Thread 0x00000186517abec0 nmethod 15142 0x0000018644456d90 code [0x0000018644456f20, 0x0000018644457040]
Event: 612.267 Thread 0x00000186517abec0 15143       4       org.hibernate.sql.ast.spi.AbstractSqlAstTranslator::append (11 bytes)
Event: 612.271 Thread 0x00000186517abec0 nmethod 15143 0x00000186443df210 code [0x00000186443df400, 0x00000186443df8e0]
Event: 612.272 Thread 0x00000186517abec0 15144       4       com.fasterxml.jackson.annotation.JsonInclude$Value::withOverrides (194 bytes)
Event: 612.272 Thread 0x000001869846ae70 15145       4       org.springframework.security.web.firewall.FirewalledResponse::setHeader (13 bytes)
Event: 612.273 Thread 0x00000186517abec0 nmethod 15144 0x000001864467a110 code [0x000001864467a2a0, 0x000001864467a360]
Event: 612.273 Thread 0x00000186517abec0 15149       4       org.apache.catalina.core.StandardWrapper::isUnavailable (40 bytes)
Event: 612.273 Thread 0x00000186517abec0 nmethod 15149 0x000001864467da10 code [0x000001864467dba0, 0x000001864467dc80]
Event: 612.273 Thread 0x00000186517abec0 15150       4       org.springframework.web.filter.CompositeFilter::doFilter (18 bytes)
Event: 612.277 Thread 0x00000186517abec0 nmethod 15150 0x0000018644498290 code [0x0000018644498480, 0x00000186444987c8]
Event: 612.277 Thread 0x00000186517abec0 15146       4       org.apache.catalina.connector.ResponseFacade::setHeader (18 bytes)
Event: 612.283 Thread 0x00000186517abec0 nmethod 15146 0x00000186445d1410 code [0x00000186445d1620, 0x00000186445d1c60]
Event: 612.283 Thread 0x00000186517abec0 15147       4       org.apache.catalina.connector.Response::setHeader (70 bytes)
Event: 612.287 Thread 0x00000186517abec0 nmethod 15147 0x0000018644b23090 code [0x0000018644b23280, 0x0000018644b23720]
Event: 612.287 Thread 0x00000186517abec0 15148       4       org.apache.coyote.Response::setHeader (41 bytes)
Event: 612.290 Thread 0x00000186517abec0 nmethod 15148 0x0000018644497890 code [0x0000018644497a60, 0x0000018644497d90]

GC Heap History (20 events):
Event: 321.791 GC heap before
{Heap before GC invocations=34 (full 0):
 garbage-first heap   total 204800K, used 172821K [0x0000000082000000, 0x0000000100000000)
  region size 1024K, 120 young (122880K), 8 survivors (8192K)
 Metaspace       used 87005K, committed 87808K, reserved 1179648K
  class space    used 11346K, committed 11712K, reserved 1048576K
}
Event: 321.797 GC heap after
{Heap after GC invocations=35 (full 0):
 garbage-first heap   total 204800K, used 58482K [0x0000000082000000, 0x0000000100000000)
  region size 1024K, 8 young (8192K), 8 survivors (8192K)
 Metaspace       used 87005K, committed 87808K, reserved 1179648K
  class space    used 11346K, committed 11712K, reserved 1048576K
}
Event: 326.858 GC heap before
{Heap before GC invocations=35 (full 0):
 garbage-first heap   total 204800K, used 172146K [0x0000000082000000, 0x0000000100000000)
  region size 1024K, 120 young (122880K), 8 survivors (8192K)
 Metaspace       used 87011K, committed 87808K, reserved 1179648K
  class space    used 11346K, committed 11712K, reserved 1048576K
}
Event: 326.868 GC heap after
{Heap after GC invocations=36 (full 0):
 garbage-first heap   total 204800K, used 51548K [0x0000000082000000, 0x0000000100000000)
  region size 1024K, 8 young (8192K), 8 survivors (8192K)
 Metaspace       used 87011K, committed 87808K, reserved 1179648K
  class space    used 11346K, committed 11712K, reserved 1048576K
}
Event: 332.404 GC heap before
{Heap before GC invocations=36 (full 0):
 garbage-first heap   total 204800K, used 165212K [0x0000000082000000, 0x0000000100000000)
  region size 1024K, 120 young (122880K), 8 survivors (8192K)
 Metaspace       used 87013K, committed 87808K, reserved 1179648K
  class space    used 11347K, committed 11712K, reserved 1048576K
}
Event: 332.410 GC heap after
{Heap after GC invocations=37 (full 0):
 garbage-first heap   total 204800K, used 51677K [0x0000000082000000, 0x0000000100000000)
  region size 1024K, 8 young (8192K), 8 survivors (8192K)
 Metaspace       used 87013K, committed 87808K, reserved 1179648K
  class space    used 11347K, committed 11712K, reserved 1048576K
}
Event: 336.544 GC heap before
{Heap before GC invocations=38 (full 0):
 garbage-first heap   total 178176K, used 148957K [0x0000000082000000, 0x0000000100000000)
  region size 1024K, 104 young (106496K), 8 survivors (8192K)
 Metaspace       used 87013K, committed 87808K, reserved 1179648K
  class space    used 11347K, committed 11712K, reserved 1048576K
}
Event: 336.550 GC heap after
{Heap after GC invocations=39 (full 0):
 garbage-first heap   total 178176K, used 51500K [0x0000000082000000, 0x0000000100000000)
  region size 1024K, 6 young (6144K), 6 survivors (6144K)
 Metaspace       used 87013K, committed 87808K, reserved 1179648K
  class space    used 11347K, committed 11712K, reserved 1048576K
}
Event: 340.518 GC heap before
{Heap before GC invocations=39 (full 0):
 garbage-first heap   total 178176K, used 150828K [0x0000000082000000, 0x0000000100000000)
  region size 1024K, 104 young (106496K), 6 survivors (6144K)
 Metaspace       used 87013K, committed 87808K, reserved 1179648K
  class space    used 11347K, committed 11712K, reserved 1048576K
}
Event: 340.523 GC heap after
{Heap after GC invocations=40 (full 0):
 garbage-first heap   total 178176K, used 50138K [0x0000000082000000, 0x0000000100000000)
  region size 1024K, 5 young (5120K), 5 survivors (5120K)
 Metaspace       used 87013K, committed 87808K, reserved 1179648K
  class space    used 11347K, committed 11712K, reserved 1048576K
}
Event: 603.672 GC heap before
{Heap before GC invocations=40 (full 0):
 garbage-first heap   total 178176K, used 150490K [0x0000000082000000, 0x0000000100000000)
  region size 1024K, 104 young (106496K), 5 survivors (5120K)
 Metaspace       used 87046K, committed 87808K, reserved 1179648K
  class space    used 11348K, committed 11712K, reserved 1048576K
}
Event: 603.702 GC heap after
{Heap after GC invocations=41 (full 0):
 garbage-first heap   total 178176K, used 50255K [0x0000000082000000, 0x0000000100000000)
  region size 1024K, 6 young (6144K), 6 survivors (6144K)
 Metaspace       used 87046K, committed 87808K, reserved 1179648K
  class space    used 11348K, committed 11712K, reserved 1048576K
}
Event: 605.939 GC heap before
{Heap before GC invocations=42 (full 0):
 garbage-first heap   total 174080K, used 147535K [0x0000000082000000, 0x0000000100000000)
  region size 1024K, 102 young (104448K), 6 survivors (6144K)
 Metaspace       used 87047K, committed 87808K, reserved 1179648K
  class space    used 11348K, committed 11712K, reserved 1048576K
}
Event: 605.947 GC heap after
{Heap after GC invocations=43 (full 0):
 garbage-first heap   total 174080K, used 50138K [0x0000000082000000, 0x0000000100000000)
  region size 1024K, 5 young (5120K), 5 survivors (5120K)
 Metaspace       used 87047K, committed 87808K, reserved 1179648K
  class space    used 11348K, committed 11712K, reserved 1048576K
}
Event: 607.942 GC heap before
{Heap before GC invocations=43 (full 0):
 garbage-first heap   total 174080K, used 148442K [0x0000000082000000, 0x0000000100000000)
  region size 1024K, 102 young (104448K), 5 survivors (5120K)
 Metaspace       used 87053K, committed 87808K, reserved 1179648K
  class space    used 11349K, committed 11712K, reserved 1048576K
}
Event: 607.959 GC heap after
{Heap after GC invocations=44 (full 0):
 garbage-first heap   total 174080K, used 48465K [0x0000000082000000, 0x0000000100000000)
  region size 1024K, 5 young (5120K), 5 survivors (5120K)
 Metaspace       used 87053K, committed 87808K, reserved 1179648K
  class space    used 11349K, committed 11712K, reserved 1048576K
}
Event: 610.818 GC heap before
{Heap before GC invocations=44 (full 0):
 garbage-first heap   total 174080K, used 146769K [0x0000000082000000, 0x0000000100000000)
  region size 1024K, 102 young (104448K), 5 survivors (5120K)
 Metaspace       used 87053K, committed 87808K, reserved 1179648K
  class space    used 11349K, committed 11712K, reserved 1048576K
}
Event: 610.823 GC heap after
{Heap after GC invocations=45 (full 0):
 garbage-first heap   total 174080K, used 48915K [0x0000000082000000, 0x0000000100000000)
  region size 1024K, 6 young (6144K), 6 survivors (6144K)
 Metaspace       used 87053K, committed 87808K, reserved 1179648K
  class space    used 11349K, committed 11712K, reserved 1048576K
}
Event: 611.954 GC heap before
{Heap before GC invocations=46 (full 0):
 garbage-first heap   total 174080K, used 146195K [0x0000000082000000, 0x0000000100000000)
  region size 1024K, 102 young (104448K), 6 survivors (6144K)
 Metaspace       used 87053K, committed 87808K, reserved 1179648K
  class space    used 11349K, committed 11712K, reserved 1048576K
}
Event: 611.958 GC heap after
{Heap after GC invocations=47 (full 0):
 garbage-first heap   total 174080K, used 48685K [0x0000000082000000, 0x0000000100000000)
  region size 1024K, 6 young (6144K), 6 survivors (6144K)
 Metaspace       used 87053K, committed 87808K, reserved 1179648K
  class space    used 11349K, committed 11712K, reserved 1048576K
}

Dll operation events (13 events):
Event: 0.014 Loaded shared library C:\Program Files\Java\jdk-21\bin\java.dll
Event: 0.045 Loaded shared library C:\Program Files\Java\jdk-21\bin\jsvml.dll
Event: 0.116 Loaded shared library C:\Program Files\Java\jdk-21\bin\zip.dll
Event: 0.120 Loaded shared library C:\Program Files\Java\jdk-21\bin\instrument.dll
Event: 0.125 Loaded shared library C:\Program Files\Java\jdk-21\bin\net.dll
Event: 0.127 Loaded shared library C:\Program Files\Java\jdk-21\bin\nio.dll
Event: 0.130 Loaded shared library C:\Program Files\Java\jdk-21\bin\zip.dll
Event: 0.234 Loaded shared library C:\Program Files\JetBrains\IntelliJ IDEA Community Edition 2023.3.5\bin\breakgen64.dll
Event: 0.245 Loaded shared library C:\Program Files\Java\jdk-21\bin\extnet.dll
Event: 0.281 Loaded shared library C:\Program Files\Java\jdk-21\bin\jimage.dll
Event: 1.801 Loaded shared library C:\Program Files\Java\jdk-21\bin\sunmscapi.dll
Event: 3.393 Loaded shared library C:\Program Files\Java\jdk-21\bin\management.dll
Event: 3.395 Loaded shared library C:\Program Files\Java\jdk-21\bin\management_ext.dll

Deoptimization events (20 events):
Event: 342.324 Thread 0x000001869b8f7640 Uncommon trap: trap_request=0xffffffde fr.pc=0x000001864452aff8 relative=0x0000000000006f38
Event: 342.325 Thread 0x000001869b8f7640 Uncommon trap: reason=class_check action=maybe_recompile pc=0x000001864452aff8 method=org.hibernate.sql.results.graph.FetchList.getCollectionFetchesCount()I @ 24 c2
Event: 342.325 Thread 0x000001869b8f7640 DEOPT PACKING pc=0x000001864452aff8 sp=0x0000007c7c8f91e0
Event: 342.325 Thread 0x000001869b8f7640 DEOPT UNPACKING pc=0x0000018643bd46a2 sp=0x0000007c7c8f8fb8 mode 2
Event: 342.333 Thread 0x000001869c0a8ea0 Uncommon trap: trap_request=0xffffffc6 fr.pc=0x00000186445f66b0 relative=0x0000000000000d30
Event: 342.333 Thread 0x000001869c0a8ea0 Uncommon trap: reason=bimorphic_or_optimized_type_check action=maybe_recompile pc=0x00000186445f66b0 method=org.springframework.web.util.ServletRequestPathUtils$ServletRequestPath.parse(Ljakarta/servlet/http/HttpServletRequest;)Lorg/springframework/http/s
Event: 342.333 Thread 0x000001869c0a8ea0 DEOPT PACKING pc=0x00000186445f66b0 sp=0x0000007c7c2fb520
Event: 342.333 Thread 0x000001869c0a8ea0 DEOPT UNPACKING pc=0x0000018643bd46a2 sp=0x0000007c7c2fb4f0 mode 2
Event: 342.337 Thread 0x000001869c0abc90 Uncommon trap: trap_request=0xffffffc6 fr.pc=0x00000186445f66b0 relative=0x0000000000000d30
Event: 342.337 Thread 0x000001869c0abc90 Uncommon trap: reason=bimorphic_or_optimized_type_check action=maybe_recompile pc=0x00000186445f66b0 method=org.springframework.web.util.ServletRequestPathUtils$ServletRequestPath.parse(Ljakarta/servlet/http/HttpServletRequest;)Lorg/springframework/http/s
Event: 342.337 Thread 0x000001869c0abc90 DEOPT PACKING pc=0x00000186445f66b0 sp=0x0000007c7c0fb5d0
Event: 342.337 Thread 0x000001869c0abc90 DEOPT UNPACKING pc=0x0000018643bd46a2 sp=0x0000007c7c0fb5a0 mode 2
Event: 603.475 Thread 0x000001869c0a8ea0 Uncommon trap: trap_request=0xffffff6e fr.pc=0x0000018644bcae78 relative=0x0000000000006498
Event: 603.475 Thread 0x000001869c0a8ea0 Uncommon trap: reason=loop_limit_check action=maybe_recompile pc=0x0000018644bcae78 method=com.zaxxer.hikari.util.ConcurrentBag.borrow(JLjava/util/concurrent/TimeUnit;)Lcom/zaxxer/hikari/util/ConcurrentBag$IConcurrentBagEntry; @ 25 c2
Event: 603.475 Thread 0x000001869c0a8ea0 DEOPT PACKING pc=0x0000018644bcae78 sp=0x0000007c7c2fab70
Event: 603.475 Thread 0x000001869c0a8ea0 DEOPT UNPACKING pc=0x0000018643bd46a2 sp=0x0000007c7c2fa440 mode 2
Event: 605.962 Thread 0x000001869c0abc90 Uncommon trap: trap_request=0xffffff54 fr.pc=0x00000186446a0734 relative=0x0000000000000094
Event: 605.962 Thread 0x000001869c0abc90 Uncommon trap: reason=speculate_null_assert action=make_not_entrant pc=0x00000186446a0734 method=org.hibernate.internal.util.NullnessHelper.lambda$coalesceSuppliedValues$0(Ljava/lang/Object;)Ljava/lang/Boolean; @ 18 c2
Event: 605.962 Thread 0x000001869c0abc90 DEOPT PACKING pc=0x00000186446a0734 sp=0x0000007c7c0fabf0
Event: 605.962 Thread 0x000001869c0abc90 DEOPT UNPACKING pc=0x0000018643bd46a2 sp=0x0000007c7c0fab10 mode 2

Classes loaded (20 events):
Event: 83.047 Loading class java/util/zip/DeflaterOutputStream
Event: 83.047 Loading class java/util/zip/DeflaterOutputStream done
Event: 83.047 Loading class java/util/zip/GZIPInputStream
Event: 83.047 Loading class java/util/zip/GZIPInputStream done
Event: 83.047 Loading class java/util/zip/GZIPOutputStream
Event: 83.048 Loading class java/util/zip/GZIPOutputStream done
Event: 104.393 Loading class java/util/concurrent/locks/ReentrantReadWriteLock$Sync$HoldCounter
Event: 104.393 Loading class java/util/concurrent/locks/ReentrantReadWriteLock$Sync$HoldCounter done
Event: 104.437 Loading class java/math/BigDecimal$StringBuilderHelper
Event: 104.438 Loading class java/math/BigDecimal$StringBuilderHelper done
Event: 104.945 Loading class java/text/ParsePosition
Event: 104.946 Loading class java/text/ParsePosition done
Event: 104.946 Loading class java/time/format/DateTimeParseContext
Event: 104.946 Loading class java/time/format/DateTimeParseContext done
Event: 104.946 Loading class java/time/format/Parsed
Event: 104.946 Loading class java/time/format/Parsed done
Event: 105.936 Loading class sun/reflect/annotation/AnnotationInvocationHandler$1
Event: 105.936 Loading class sun/reflect/annotation/AnnotationInvocationHandler$1 done
Event: 314.466 Loading class sun/util/locale/LocaleExtensions
Event: 314.467 Loading class sun/util/locale/LocaleExtensions done

Classes unloaded (0 events):
No events

Classes redefined (0 events):
No events

Internal exceptions (20 events):
Event: 8.471 Thread 0x00000186342a45b0 Exception <a 'java/lang/NoSuchMethodError'{0x000000008db5cdb0}: 'java.lang.Object java.lang.invoke.DirectMethodHandle$Holder.invokeInterface(java.lang.Object, java.lang.Object, java.lang.Object, java.lang.Object)'> (0x000000008db5cdb0) 
thrown [s\open\src\hotspot\share\interpreter\linkResolver.cpp, line 773]
Event: 8.571 Thread 0x00000186342a45b0 Exception <a 'java/lang/NoSuchMethodError'{0x000000008d601998}: 'int java.lang.invoke.DirectMethodHandle$Holder.invokeStaticInit(java.lang.Object, java.lang.Object, java.lang.Object, java.lang.Object)'> (0x000000008d601998) 
thrown [s\open\src\hotspot\share\interpreter\linkResolver.cpp, line 773]
Event: 8.631 Thread 0x00000186342a45b0 Exception <a 'java/lang/IncompatibleClassChangeError'{0x000000008d330768}: Found class java.lang.Object, but interface was expected> (0x000000008d330768) 
thrown [s\open\src\hotspot\share\interpreter\linkResolver.cpp, line 840]
Event: 8.683 Thread 0x00000186342a45b0 Exception <a 'java/lang/NoSuchMethodError'{0x000000008d17d1a0}: 'java.lang.Object java.lang.invoke.Invokers$Holder.invoke_MT(java.lang.Object, java.lang.Object, java.lang.Object, java.lang.Object, java.lang.Object, java.lang.Object, java.lang.Object, java.lang.Object, java.lang.Object, java.lang.Object, java.lang.Object)'> (0x000000008d17d1a0) 
thrown [s\open\src\hotspot\share\interpreter\linkResolver.cpp, line 773]
Event: 8.810 Thread 0x00000186342a45b0 Exception <a 'java/lang/NoSuchMethodError'{0x000000008cbeee18}: 'java.lang.Object java.lang.invoke.DirectMethodHandle$Holder.newInvokeSpecial(java.lang.Object, java.lang.Object, int, java.lang.Object, java.lang.Object)'> (0x000000008cbeee18) 
thrown [s\open\src\hotspot\share\interpreter\linkResolver.cpp, line 773]
Event: 8.965 Thread 0x00000186342a45b0 Exception <a 'java/lang/NoSuchMethodError'{0x000000008bf53e60}: 'void java.lang.invoke.DirectMethodHandle$Holder.invokeSpecialIFC(java.lang.Object, java.lang.Object, int, java.lang.Object, java.lang.Object, java.lang.Object, java.lang.Object)'> (0x000000008bf53e60) 
thrown [s\open\src\hotspot\share\interpreter\linkResolver.cpp, line 773]
Event: 9.028 Thread 0x00000186342a45b0 Exception <a 'java/lang/NoSuchMethodError'{0x000000008bd01ba8}: 'void java.lang.invoke.Invokers$Holder.invokeExact_MT(java.lang.Object, java.lang.Object, int, java.lang.Object)'> (0x000000008bd01ba8) 
thrown [s\open\src\hotspot\share\interpreter\linkResolver.cpp, line 773]
Event: 38.510 Thread 0x000001869b8f6290 Exception <a 'java/lang/NoSuchMethodError'{0x000000008c621c00}: 'java.lang.Object java.lang.invoke.DirectMethodHandle$Holder.invokeStatic(java.lang.Object, java.lang.Object, java.lang.Object, int, int)'> (0x000000008c621c00) 
thrown [s\open\src\hotspot\share\interpreter\linkResolver.cpp, line 773]
Event: 38.510 Thread 0x000001869b8f6290 Exception <a 'java/lang/NoSuchMethodError'{0x000000008c625368}: 'java.lang.Object java.lang.invoke.DirectMethodHandle$Holder.invokeStaticInit(java.lang.Object, java.lang.Object, java.lang.Object, int, int)'> (0x000000008c625368) 
thrown [s\open\src\hotspot\share\interpreter\linkResolver.cpp, line 773]
Event: 38.546 Thread 0x000001869c0aa250 Exception <a 'java/lang/NoSuchMethodError'{0x000000008bcd6a40}: 'java.lang.Object java.lang.invoke.DirectMethodHandle$Holder.invokeSpecial(java.lang.Object, java.lang.Object, java.lang.Object, java.lang.Object, java.lang.Object, long)'> (0x000000008bcd6a40) 
thrown [s\open\src\hotspot\share\interpreter\linkResolver.cpp, line 773]
Event: 38.546 Thread 0x000001869c0aa250 Exception <a 'java/lang/NoSuchMethodError'{0x000000008bcda1c8}: 'java.lang.Object java.lang.invoke.Invokers$Holder.linkToTargetMethod(java.lang.Object, java.lang.Object, java.lang.Object, long, java.lang.Object)'> (0x000000008bcda1c8) 
thrown [s\open\src\hotspot\share\interpreter\linkResolver.cpp, line 773]
Event: 38.750 Thread 0x000001869c0aa250 Exception <a 'java/lang/NoSuchMethodError'{0x000000008b5bd050}: 'int java.lang.invoke.Invokers$Holder.invokeExact_MT(java.lang.Object, java.lang.Object, java.lang.Object)'> (0x000000008b5bd050) 
thrown [s\open\src\hotspot\share\interpreter\linkResolver.cpp, line 773]
Event: 38.769 Thread 0x000001869c0aa250 Exception <a 'java/lang/NoSuchMethodError'{0x000000008b445a70}: 'int java.lang.invoke.DirectMethodHandle$Holder.invokeStatic(java.lang.Object, java.lang.Object, int, int)'> (0x000000008b445a70) 
thrown [s\open\src\hotspot\share\interpreter\linkResolver.cpp, line 773]
Event: 81.392 Thread 0x000001869c0aaf70 Implicit null exception at 0x000001864440c57d to 0x000001864440c708
Event: 104.419 Thread 0x000001869c0a8810 Exception <a 'java/lang/IncompatibleClassChangeError'{0x0000000095ec3a88}: Found class java.lang.Object, but interface was expected> (0x0000000095ec3a88) 
thrown [s\open\src\hotspot\share\interpreter\linkResolver.cpp, line 840]
Event: 104.427 Thread 0x000001869c0a8810 Exception <a 'java/lang/IncompatibleClassChangeError'{0x0000000095ed9440}: Found class java.lang.Object, but interface was expected> (0x0000000095ed9440) 
thrown [s\open\src\hotspot\share\interpreter\linkResolver.cpp, line 840]
Event: 104.967 Thread 0x000001869c0a8810 Exception <a 'java/lang/IncompatibleClassChangeError'{0x00000000957c6530}: Found class java.lang.Object, but interface was expected> (0x00000000957c6530) 
thrown [s\open\src\hotspot\share\interpreter\linkResolver.cpp, line 840]
Event: 105.937 Thread 0x000001869b8f7640 Exception <a 'java/lang/NoSuchMethodError'{0x000000009545dfe0}: 'java.lang.Object java.lang.invoke.DirectMethodHandle$Holder.invokeVirtual(java.lang.Object, java.lang.Object, java.lang.Object, java.lang.Object, java.lang.Object, java.lang.Object, java.lang.Object)'> (0x000000009545dfe0) 
thrown [s\open\src\hotspot\share\interpreter\linkResolver.cpp, line 773]
Event: 342.219 Thread 0x000001869c0aa250 Implicit null exception at 0x00000186442db35c to 0x00000186442db59c
Event: 342.239 Thread 0x000001869c0aa250 Exception <a 'java/io/IOException'{0x0000000087ac5320}> (0x0000000087ac5320) 
thrown [s\open\src\hotspot\share\prims\jni.cpp, line 520]

ZGC Phase Switch (0 events):
No events

VM Operations (20 events):
Event: 605.939 Executing VM operation: G1CollectForAllocation (G1 Evacuation Pause)
Event: 605.947 Executing VM operation: G1CollectForAllocation (G1 Evacuation Pause) done
Event: 606.958 Executing VM operation: Cleanup
Event: 606.958 Executing VM operation: Cleanup done
Event: 607.942 Executing VM operation: G1CollectForAllocation (G1 Evacuation Pause)
Event: 607.959 Executing VM operation: G1CollectForAllocation (G1 Evacuation Pause) done
Event: 608.959 Executing VM operation: Cleanup
Event: 608.959 Executing VM operation: Cleanup done
Event: 609.964 Executing VM operation: Cleanup
Event: 609.964 Executing VM operation: Cleanup done
Event: 610.818 Executing VM operation: G1CollectForAllocation (G1 Evacuation Pause)
Event: 610.823 Executing VM operation: G1CollectForAllocation (G1 Evacuation Pause) done
Event: 610.848 Executing VM operation: G1PauseRemark
Event: 610.858 Executing VM operation: G1PauseRemark done
Event: 610.868 Executing VM operation: G1PauseCleanup
Event: 610.869 Executing VM operation: G1PauseCleanup done
Event: 611.884 Executing VM operation: Cleanup
Event: 611.884 Executing VM operation: Cleanup done
Event: 611.954 Executing VM operation: G1CollectForAllocation (G1 Evacuation Pause)
Event: 611.958 Executing VM operation: G1CollectForAllocation (G1 Evacuation Pause) done

Events (20 events):
Event: 610.857 Thread 0x0000018651769170 flushing nmethod 0x000001863d976490
Event: 610.857 Thread 0x0000018651769170 flushing nmethod 0x000001863d979c90
Event: 610.857 Thread 0x0000018651769170 flushing nmethod 0x000001863d9df190
Event: 610.857 Thread 0x0000018651769170 flushing nmethod 0x000001863dacd310
Event: 610.857 Thread 0x0000018651769170 flushing nmethod 0x0000018644456910
Event: 610.857 Thread 0x0000018651769170 flushing nmethod 0x000001863ccc2d10
Event: 610.857 Thread 0x0000018651769170 flushing nmethod 0x000001863d122f90
Event: 610.857 Thread 0x0000018651769170 flushing nmethod 0x000001863d5f2610
Event: 610.857 Thread 0x0000018651769170 flushing nmethod 0x000001863d610710
Event: 610.857 Thread 0x0000018651769170 flushing nmethod 0x000001863d985910
Event: 610.857 Thread 0x0000018651769170 flushing nmethod 0x000001863d9c0c90
Event: 610.857 Thread 0x0000018651769170 flushing nmethod 0x000001863d9c1610
Event: 610.857 Thread 0x0000018651769170 flushing nmethod 0x000001863da42190
Event: 610.857 Thread 0x0000018651769170 flushing nmethod 0x000001863da46910
Event: 610.857 Thread 0x0000018651769170 flushing nmethod 0x000001863daec410
Event: 610.857 Thread 0x0000018651769170 flushing nmethod 0x000001863daf5290
Event: 610.857 Thread 0x0000018651769170 flushing nmethod 0x000001863db7d190
Event: 610.857 Thread 0x0000018651769170 flushing nmethod 0x000001863dc6d890
Event: 610.857 Thread 0x0000018651769170 flushing nmethod 0x000001863dd43c10
Event: 612.272 Thread 0x000001869846ae70 Thread added: 0x000001869846ae70


Dynamic libraries:
0x00007ff6e1cf0000 - 0x00007ff6e1d00000 	C:\Program Files\Java\jdk-21\bin\java.exe
0x00007ffad8220000 - 0x00007ffad8488000 	C:\WINDOWS\SYSTEM32\ntdll.dll
0x00007ffad66f0000 - 0x00007ffad67b9000 	C:\WINDOWS\System32\KERNEL32.DLL
0x00007ffad54c0000 - 0x00007ffad58b8000 	C:\WINDOWS\System32\KERNELBASE.dll
0x00007ffad5370000 - 0x00007ffad54bb000 	C:\WINDOWS\System32\ucrtbase.dll
0x00007ffacaf80000 - 0x00007ffacaf9b000 	C:\Program Files\Java\jdk-21\bin\VCRUNTIME140.dll
0x00007ffacafa0000 - 0x00007ffacafb9000 	C:\Program Files\Java\jdk-21\bin\jli.dll
0x00007ffad7220000 - 0x00007ffad72d4000 	C:\WINDOWS\System32\ADVAPI32.dll
0x00007ffad80a0000 - 0x00007ffad8149000 	C:\WINDOWS\System32\msvcrt.dll
0x00007ffad6140000 - 0x00007ffad61e6000 	C:\WINDOWS\System32\sechost.dll
0x00007ffad7f80000 - 0x00007ffad8098000 	C:\WINDOWS\System32\RPCRT4.dll
0x00007ffad6890000 - 0x00007ffad6a57000 	C:\WINDOWS\System32\USER32.dll
0x00007ffad5ca0000 - 0x00007ffad5cc7000 	C:\WINDOWS\System32\win32u.dll
0x00007ffab8df0000 - 0x00007ffab9084000 	C:\WINDOWS\WinSxS\amd64_microsoft.windows.common-controls_6595b64144ccf1df_6.0.26100.7019_none_3e06ffa0e335b8a8\COMCTL32.dll
0x00007ffad6470000 - 0x00007ffad649b000 	C:\WINDOWS\System32\GDI32.dll
0x00007ffad5b70000 - 0x00007ffad5c9c000 	C:\WINDOWS\System32\gdi32full.dll
0x00007ffad5a30000 - 0x00007ffad5ad3000 	C:\WINDOWS\System32\msvcp_win.dll
0x00007ffacde40000 - 0x00007ffacde4b000 	C:\WINDOWS\SYSTEM32\VERSION.dll
0x00007ffad6070000 - 0x00007ffad60a1000 	C:\WINDOWS\System32\IMM32.DLL
0x00007ffacaf70000 - 0x00007ffacaf7c000 	C:\Program Files\Java\jdk-21\bin\vcruntime140_1.dll
0x00007ffa5f580000 - 0x00007ffa5f60e000 	C:\Program Files\Java\jdk-21\bin\msvcp140.dll
0x00007ffa51e10000 - 0x00007ffa52b2d000 	C:\Program Files\Java\jdk-21\bin\server\jvm.dll
0x00007ffad5ff0000 - 0x00007ffad6064000 	C:\WINDOWS\System32\WS2_32.dll
0x00007ffad51d0000 - 0x00007ffad522e000 	C:\WINDOWS\SYSTEM32\POWRPROF.dll
0x00007ffaca470000 - 0x00007ffaca4a5000 	C:\WINDOWS\SYSTEM32\WINMM.dll
0x00007ffad51b0000 - 0x00007ffad51c4000 	C:\WINDOWS\SYSTEM32\UMPDC.dll
0x00007ffad40f0000 - 0x00007ffad410b000 	C:\WINDOWS\SYSTEM32\kernel.appcore.dll
0x00007ffacaf60000 - 0x00007ffacaf6a000 	C:\Program Files\Java\jdk-21\bin\jimage.dll
0x00007ffad2cb0000 - 0x00007ffad2ef2000 	C:\WINDOWS\SYSTEM32\DBGHELP.DLL
0x00007ffad7a40000 - 0x00007ffad7dcb000 	C:\WINDOWS\System32\combase.dll
0x00007ffad6390000 - 0x00007ffad6467000 	C:\WINDOWS\System32\OLEAUT32.dll
0x00007ffac0670000 - 0x00007ffac06ac000 	C:\WINDOWS\SYSTEM32\dbgcore.DLL
0x00007ffad58c0000 - 0x00007ffad5965000 	C:\WINDOWS\System32\bcryptPrimitives.dll
0x00007ffad1f70000 - 0x00007ffad1f7f000 	C:\Program Files\Java\jdk-21\bin\instrument.dll
0x00007ffaad6f0000 - 0x00007ffaad70f000 	C:\Program Files\Java\jdk-21\bin\java.dll
0x00007ffad72e0000 - 0x00007ffad7a2f000 	C:\WINDOWS\System32\SHELL32.dll
0x00007ffad5e50000 - 0x00007ffad5fbb000 	C:\WINDOWS\System32\wintypes.dll
0x00007ffad2f00000 - 0x00007ffad375d000 	C:\WINDOWS\SYSTEM32\windows.storage.dll
0x00007ffad7120000 - 0x00007ffad7212000 	C:\WINDOWS\System32\SHCORE.dll
0x00007ffad6820000 - 0x00007ffad6887000 	C:\WINDOWS\System32\shlwapi.dll
0x00007ffad5260000 - 0x00007ffad5289000 	C:\WINDOWS\SYSTEM32\profapi.dll
0x00007ffa5f4a0000 - 0x00007ffa5f577000 	C:\Program Files\Java\jdk-21\bin\jsvml.dll
0x00007ffa5f460000 - 0x00007ffa5f478000 	C:\Program Files\Java\jdk-21\bin\zip.dll
0x00007ffacaf50000 - 0x00007ffacaf60000 	C:\Program Files\Java\jdk-21\bin\net.dll
0x00007ffacd9c0000 - 0x00007ffacdae8000 	C:\WINDOWS\SYSTEM32\WINHTTP.dll
0x00007ffad4640000 - 0x00007ffad46ab000 	C:\WINDOWS\system32\mswsock.dll
0x00007ffa5f480000 - 0x00007ffa5f496000 	C:\Program Files\Java\jdk-21\bin\nio.dll
0x00007ffad0260000 - 0x00007ffad027a000 	C:\Program Files\JetBrains\IntelliJ IDEA Community Edition 2023.3.5\bin\breakgen64.dll
0x00007ffa9e770000 - 0x00007ffa9e779000 	C:\Program Files\Java\jdk-21\bin\extnet.dll
0x00007ffad0250000 - 0x00007ffad025e000 	C:\Program Files\Java\jdk-21\bin\sunmscapi.dll
0x00007ffad5cd0000 - 0x00007ffad5e47000 	C:\WINDOWS\System32\CRYPT32.dll
0x00007ffad4b80000 - 0x00007ffad4bb0000 	C:\WINDOWS\SYSTEM32\ncrypt.dll
0x00007ffad4b30000 - 0x00007ffad4b6f000 	C:\WINDOWS\SYSTEM32\NTASN1.dll
0x00007ffad4940000 - 0x00007ffad495b000 	C:\WINDOWS\SYSTEM32\CRYPTSP.dll
0x00007ffad4050000 - 0x00007ffad408a000 	C:\WINDOWS\system32\rsaenh.dll
0x00007ffad46f0000 - 0x00007ffad471b000 	C:\WINDOWS\SYSTEM32\USERENV.dll
0x00007ffad5290000 - 0x00007ffad52ba000 	C:\WINDOWS\SYSTEM32\bcrypt.dll
0x00007ffad48a0000 - 0x00007ffad48ac000 	C:\WINDOWS\SYSTEM32\CRYPTBASE.dll
0x00007ffad3ae0000 - 0x00007ffad3b14000 	C:\WINDOWS\SYSTEM32\IPHLPAPI.DLL
0x00007ffad8150000 - 0x00007ffad815a000 	C:\WINDOWS\System32\NSI.dll
0x00007ffad1f60000 - 0x00007ffad1f6a000 	C:\Program Files\Java\jdk-21\bin\management.dll
0x00007ffad1ed0000 - 0x00007ffad1edb000 	C:\Program Files\Java\jdk-21\bin\management_ext.dll
0x00007ffad65a0000 - 0x00007ffad65a8000 	C:\WINDOWS\System32\PSAPI.DLL
0x00007ffad3b20000 - 0x00007ffad3c4c000 	C:\WINDOWS\SYSTEM32\DNSAPI.dll
0x00007ffacbc60000 - 0x00007ffacbc6b000 	C:\Windows\System32\rasadhlp.dll
0x00007ffacb750000 - 0x00007ffacb7d6000 	C:\WINDOWS\System32\fwpuclnt.dll
0x00007ffaa7c20000 - 0x00007ffaa7c28000 	C:\WINDOWS\system32\wshunix.dll

dbghelp: loaded successfully - version: 4.0.5 - missing functions: none
symbol engine: initialized successfully - sym options: 0x614 - pdb path: .;C:\Program Files\Java\jdk-21\bin;C:\WINDOWS\SYSTEM32;C:\WINDOWS\WinSxS\amd64_microsoft.windows.common-controls_6595b64144ccf1df_6.0.26100.7019_none_3e06ffa0e335b8a8;C:\Program Files\Java\jdk-21\bin\server;C:\Program Files\JetBrains\IntelliJ IDEA Community Edition 2023.3.5\bin

VM Arguments:
jvm_args: -javaagent:C:\Program Files\JetBrains\IntelliJ IDEA Community Edition 2023.3.5\lib\idea_rt.jar=62053:C:\Program Files\JetBrains\IntelliJ IDEA Community Edition 2023.3.5\bin -Dfile.encoding=UTF-8 -Dsun.stdout.encoding=UTF-8 -Dsun.stderr.encoding=UTF-8 
java_command: com.example.drivingschool.DrivingSchoolApplication
java_class_path (initial): C:\Users\aryan\Desktop\driving School\drivingschool\target\classes;C:\Users\aryan\.m2\repository\org\springframework\boot\spring-boot-starter-web\3.5.7\spring-boot-starter-web-3.5.7.jar;C:\Users\aryan\.m2\repository\org\springframework\boot\spring-boot-starter\3.5.7\spring-boot-starter-3.5.7.jar;C:\Users\aryan\.m2\repository\org\springframework\boot\spring-boot\3.5.7\spring-boot-3.5.7.jar;C:\Users\aryan\.m2\repository\org\springframework\boot\spring-boot-autoconfigure\3.5.7\spring-boot-autoconfigure-3.5.7.jar;C:\Users\aryan\.m2\repository\org\springframework\boot\spring-boot-starter-logging\3.5.7\spring-boot-starter-logging-3.5.7.jar;C:\Users\aryan\.m2\repository\ch\qos\logback\logback-classic\1.5.20\logback-classic-1.5.20.jar;C:\Users\aryan\.m2\repository\ch\qos\logback\logback-core\1.5.20\logback-core-1.5.20.jar;C:\Users\aryan\.m2\repository\org\apache\logging\log4j\log4j-to-slf4j\2.24.3\log4j-to-slf4j-2.24.3.jar;C:\Users\aryan\.m2\repository\org\apache\logging\log4j\log4j-api\2.24.3\log4j-api-2.24.3.jar;C:\Users\aryan\.m2\repository\org\slf4j\jul-to-slf4j\2.0.17\jul-to-slf4j-2.0.17.jar;C:\Users\aryan\.m2\repository\jakarta\annotation\jakarta.annotation-api\2.1.1\jakarta.annotation-api-2.1.1.jar;C:\Users\aryan\.m2\repository\org\yaml\snakeyaml\2.4\snakeyaml-2.4.jar;C:\Users\aryan\.m2\repository\org\springframework\boot\spring-boot-starter-json\3.5.7\spring-boot-starter-json-3.5.7.jar;C:\Users\aryan\.m2\repository\com\fasterxml\jackson\datatype\jackson-datatype-jdk8\2.19.2\jackson-datatype-jdk8-2.19.2.jar;C:\Users\aryan\.m2\repository\com\fasterxml\jackson\datatype\jackson-datatype-jsr310\2.19.2\jackson-datatype-jsr310-2.19.2.jar;C:\Users\aryan\.m2\repository\com\fasterxml\jackson\module\jackson-module-parameter-names\2.19.2\jackson-module-parameter-names-2.19.2.jar;C:\Users\aryan\.m2\repository\org\springframework\boot\spring-boot-starter-tomcat\3.5.7\spring-boot-starter-tomcat-3.5.7.jar;C:\Users\aryan\.m2\repository\org\apache\tomcat\embed\tomcat-embed-core\10.1.48\tomcat-embed-core-10.1.48.jar;C:\Users\aryan\.m2\repository\org\apache\tomcat\embed\tomcat-embed-websocket\10.1.48\tomcat-embed-websocket-10.1.48.jar;C:\Users\aryan\.m2\repository\org\springframework\spring-web\6.2.12\spring-web-6.2.12.jar;C:\Users\aryan\.m2\repository\org\springframework\spring-beans\6.2.12\spring-beans-6.2.12.jar;C:\Users\aryan\.m2\repository\io\micrometer\micrometer-observation\1.15.5\micrometer-observation-1.15.5.jar;C:\Users\aryan\.m2\repository\io\micrometer\micrometer-commons\1.15.5\micrometer-commons-1.15.5.jar;C:\Users\aryan\.m2\repository\org\springframework\spring-webmvc\6.2.12\spring-webmvc-6.2.12.jar;C:\Users\aryan\.m2\repository\org\springframework\spring-context\6.2.12\spring-context-6.2.12.jar;C:\Users\aryan\.m2\repository\org\springframework\spring-expression\6.2.12\spring-expression-6.2.12.jar;C:\Users\aryan\.m2\repository\org\springframework\boot\spring-boot-starter-data-jpa\3.5.7\spring-boot-starter-data-jpa-3.5.7.jar;C:\Users\aryan\.m2\repository\org\springframework\boot\spring-boot-starter-jdbc\3.5.7\spring-boot-starter-jdbc-3.5.7.jar;C:\Users\aryan\.m2\repository\com\zaxxer\HikariCP\6.3.3\HikariCP-6.3.3.jar;C:\Users\aryan\.m2\repository\org\springframework\spring-jdbc\6.2.12\spring-jdbc-6.2.12.jar;C:\Users\aryan\.m2\repository\org\hibernate\orm\hibernate-core\6.6.33.Final\hibernate-core-6.6.33.Final.jar;C:\Users\aryan\.m2\repository\jakarta\persistence\jakarta.persistence-api\3.1.0\jakarta.persistence-api-3.1.0.jar;C:\Users\aryan\.m2\repository\jakarta\transaction\jakarta.transaction-api\2.0.1\jakarta.transaction-api-2.0.1.jar;C:\Users\aryan\.m2\repository\org\jboss\logging\jboss-logging\3.6.1.Final\jboss-logging-3.6.1.Final.jar;C:\Users\aryan\.m2\repository\org\hibernate\common\hibernate-commons-annotations\7.0.3.Final\hibernate-commons-annotations-7.0.3.Final.jar;C:\Users\aryan\.m2\repository\io\smallrye\jandex\3.2.0\jandex-3.2.0.jar;C:\Users\aryan\.m2\repository\com\fasterxml\classmate\1.7.1\classmate-1.7.1.jar;C:\Users\aryan\.m2\repository\net\bytebuddy\byte-buddy\1.17.8\byte-buddy-1.17.8.jar;C:\Users\aryan\.m2\repository\org\glassfish\jaxb\jaxb-runtime\4.0.6\jaxb-runtime-4.0.6.jar;C:\Users\aryan\.m2\repository\org\glassfish\jaxb\jaxb-core\4.0.6\jaxb-core-4.0.6.jar;C:\Users\aryan\.m2\repository\org\eclipse\angus\angus-activation\2.0.3\angus-activation-2.0.3.jar;C:\Users\aryan\.m2\repository\org\glassfish\jaxb\txw2\4.0.6\txw2-4.0.6.jar;C:\Users\aryan\.m2\repository\com\sun\istack\istack-commons-runtime\4.1.2\istack-commons-runtime-4.1.2.jar;C:\Users\aryan\.m2\repository\jakarta\inject\jakarta.inject-api\2.0.1\jakarta.inject-api-2.0.1.jar;C:\Users\aryan\.m2\repository\org\antlr\antlr4-runtime\4.13.0\antlr4-runtime-4.13.0.jar;C:\Users\aryan\.m2\repository\org\springframework\data\spring-data-jpa\3.5.5\spring-data-jpa-3.5.5.jar;C:\Users\aryan\.m2\repository\org\springframework\data\spring-data-commons\3.5.5\spring-data-commons-3.5.5.jar;C:\Users\aryan\.m2\repository\org\springframework\spring-orm\6.2.12\spring-orm-6.2.12.jar;C:\Users\aryan\.m2\repository\org\springframework\spring-tx\6.2.12\spring-tx-6.2.12.jar;C:\Users\aryan\.m2\repository\org\slf4j\slf4j-api\2.0.17\slf4j-api-2.0.17.jar;C:\Users\aryan\.m2\repository\org\springframework\spring-aspects\6.2.12\spring-aspects-6.2.12.jar;C:\Users\aryan\.m2\repository\org\aspectj\aspectjweaver\1.9.24\aspectjweaver-1.9.24.jar;C:\Users\aryan\.m2\repository\org\springframework\boot\spring-boot-starter-security\3.5.7\spring-boot-starter-security-3.5.7.jar;C:\Users\aryan\.m2\repository\org\springframework\spring-aop\6.2.12\spring-aop-6.2.12.jar;C:\Users\aryan\.m2\repository\org\springframework\security\spring-security-config\6.5.6\spring-security-config-6.5.6.jar;C:\Users\aryan\.m2\repository\org\springframework\security\spring-security-web\6.5.6\spring-security-web-6.5.6.jar;C:\Users\aryan\.m2\repository\org\springframework\boot\spring-boot-starter-validation\3.5.7\spring-boot-starter-validation-3.5.7.jar;C:\Users\aryan\.m2\repository\org\apache\tomcat\embed\tomcat-embed-el\10.1.48\tomcat-embed-el-10.1.48.jar;C:\Users\aryan\.m2\repository\org\hibernate\validator\hibernate-validator\8.0.3.Final\hibernate-validator-8.0.3.Final.jar;C:\Users\aryan\.m2\repository\jakarta\validation\jakarta.validation-api\3.0.2\jakarta.validation-api-3.0.2.jar;C:\Users\aryan\.m2\repository\com\mysql\mysql-connector-j\9.4.0\mysql-connector-j-9.4.0.jar;C:\Users\aryan\.m2\repository\io\jsonwebtoken\jjwt-api\0.11.5\jjwt-api-0.11.5.jar;C:\Users\aryan\.m2\repository\io\jsonwebtoken\jjwt-impl\0.11.5\jjwt-impl-0.11.5.jar;C:\Users\aryan\.m2\repository\io\jsonwebtoken\jjwt-jackson\0.11.5\jjwt-jackson-0.11.5.jar;C:\Users\aryan\.m2\repository\com\fasterxml\jackson\core\jackson-databind\2.19.2\jackson-databind-2.19.2.jar;C:\Users\aryan\.m2\repository\com\fasterxml\jackson\core\jackson-annotations\2.19.2\jackson-annotations-2.19.2.jar;C:\Users\aryan\.m2\repository\com\fasterxml\jackson\core\jackson-core\2.19.2\jackson-core-2.19.2.jar;C:\Users\aryan\.m2\repository\jakarta\xml\bind\jakarta.xml.bind-api\4.0.4\jakarta.xml.bind-api-4.0.4.jar;C:\Users\aryan\.m2\repository\jakarta\activation\jakarta.activation-api\2.1.4\jakarta.activation-api-2.1.4.jar;C:\Users\aryan\.m2\repository\org\springframework\spring-core\6.2.12\spring-core-6.2.12.jar;C:\Users\aryan\.m2\repository\org\springframework\spring-jcl\6.2.12\spring-jcl-6.2.12.jar;C:\Users\aryan\.m2\repository\org\springframework\security\spring-security-core\6.5.6\spring-security-core-6.5.6.jar;C:\Users\aryan\.m2\repository\org\springframework\security\spring-security-crypto\6.5.6\spring-security-crypto-6.5.6.jar
Launcher Type: SUN_STANDARD

[Global flags]
     intx CICompilerCount                          = 12                                        {product} {ergonomic}
     uint ConcGCThreads                            = 3                                         {product} {ergonomic}
     uint G1ConcRefinementThreads                  = 13                                        {product} {ergonomic}
   size_t G1HeapRegionSize                         = 1048576                                   {product} {ergonomic}
    uintx GCDrainStackTargetSize                   = 64                                        {product} {ergonomic}
   size_t InitialHeapSize                          = 132120576                                 {product} {ergonomic}
   size_t MarkStackSize                            = 4194304                                   {product} {ergonomic}
   size_t MaxHeapSize                              = 2113929216                                {product} {ergonomic}
   size_t MaxNewSize                               = 1267728384                                {product} {ergonomic}
   size_t MinHeapDeltaBytes                        = 1048576                                   {product} {ergonomic}
   size_t MinHeapSize                              = 8388608                                   {product} {ergonomic}
    uintx NonNMethodCodeHeapSize                   = 7602480                                {pd product} {ergonomic}
    uintx NonProfiledCodeHeapSize                  = 122027880                              {pd product} {ergonomic}
    uintx ProfiledCodeHeapSize                     = 122027880                              {pd product} {ergonomic}
    uintx ReservedCodeCacheSize                    = 251658240                              {pd product} {ergonomic}
     bool SegmentedCodeCache                       = true                                      {product} {ergonomic}
   size_t SoftMaxHeapSize                          = 2113929216                             {manageable} {ergonomic}
     bool UseCompressedOops                        = true                           {product lp64_product} {ergonomic}
     bool UseG1GC                                  = true                                      {product} {ergonomic}
     bool UseLargePagesIndividualAllocation        = false                                  {pd product} {ergonomic}

Logging:
Log output configuration:
 #0: stdout all=warning uptime,level,tags foldmultilines=false
 #1: stderr all=off uptime,level,tags foldmultilines=false

Environment Variables:
PATH=C:\Users\aryan\AppData\Local\Android\Sdk\platform-tools;C:\Program Files\Common Files\Oracle\Java\javapath;C:\Program Files (x86)\Common Files\Oracle\Java\javapath;C:\Python37\Scripts\;C:\Python37\;C:\Windows\system32;C:\Windows;C:\Windows\System32\Wbem;C:\Windows\System32\WindowsPowerShell\v1.0\;C:\Windows\System32\OpenSSH\;C:\Program Files\NVIDIA Corporation\NVIDIA NvDLISR;C:\Program Files\Microsoft SQL Server\150\Tools\Binn\;C:\Program Files (x86)\NVIDIA Corporation\PhysX\Common;C:\Program Files (x86)\dotnet\;C:\WINDOWS\system32;C:\WINDOWS;C:\WINDOWS\System32\Wbem;C:\WINDOWS\System32\WindowsPowerShell\v1.0\;C:\WINDOWS\System32\OpenSSH\;C:\mongosh-1.7.0-win32-x64\bin;C:\Program Files\MongoDB\Server\6.0\bin;C:\Program Files\Git\cmd;C:\Program Files\Docker\Docker\resources\bin;C:\Program Files\MongoDB\Server\7.0\bin;C:\Program Files\nodejs\;C:\Program Files\MySQL\MySQL Shell 8.0\bin\;C:\Users\aryan\AppData\Local\Microsoft\WindowsApps;C:\Program Files\JetBrains\IntelliJ IDEA Community Edition 2023.3.5\bin;;C:\Users\aryan\AppData\Local\Programs\Microsoft VS Code\bin;C:\Program Files\MongoDB\Server\7.0\bin;C:\Users\aryan\AppData\Roaming\npm
USERNAME=aryan
OS=Windows_NT
PROCESSOR_IDENTIFIER=AMD64 Family 23 Model 96 Stepping 1, AuthenticAMD
TMP=C:\Users\aryan\AppData\Local\Temp
TEMP=C:\Users\aryan\AppData\Local\Temp




Periodic native trim disabled

---------------  S Y S T E M  ---------------

OS:
 Windows 11 , 64 bit Build 26100 (10.0.26100.7019)
OS uptime: 3 days 4:24 hours
Hyper-V role detected

CPU: total 16 (initial active 16) (16 cores per cpu, 2 threads per core) family 23 model 96 stepping 1 microcode 0x8600106, cx8, cmov, fxsr, ht, mmx, 3dnowpref, sse, sse2, sse3, ssse3, sse4a, sse4.1, sse4.2, popcnt, lzcnt, tsc, tscinvbit, avx, avx2, aes, clmul, bmi1, bmi2, adx, sha, fma, vzeroupper, clflush, clflushopt, hv, rdtscp, rdpid, f16c
Processor Information for all 16 processors :
  Max Mhz: 2900, Current Mhz: 2900, Mhz Limit: 2900

Memory: 4k page, system-wide physical 8061M (1148M free)
TotalPageFile size 19295M (AvailPageFile size 22M)
current process WorkingSet (physical memory assigned to process): 279M, peak: 551M
current process commit charge ("private bytes"): 456M, peak: 852M

vm_info: Java HotSpot(TM) 64-Bit Server VM (21.0.8+12-LTS-250) for windows-amd64 JRE (21.0.8+12-LTS-250), built on 2025-06-27T08:11:22Z by "mach5one" with MS VC++ 17.6 (VS2022)

END.
